/Users/bytedance/luobata/PokeTactics/tools/mockups/r1_contract_check.py:157: DeprecationWarning: Image.Image.getdata is deprecated and will be removed in Pillow 14 (2027-10-15). Use get_flattened_data instead.
  changed = sum(any(pixel) for pixel in pixels.getdata())
/Users/bytedance/luobata/PokeTactics/tools/mockups/r1_contract_check.py:160: DeprecationWarning: Image.Image.getdata is deprecated and will be removed in Pillow 14 (2027-10-15). Use get_flattened_data instead.
  require(all(c[:3] in allowed and c[3] == 255 for im in phases for c in im.getdata() if c[3]),
{
  "samples": {
    "energy": "new attack/cast + legacy fallback + rewind",
    "clock": {
      "windows": [
        1.0,
        2.0
      ],
      "speeds": [
        1,
        2,
        4
      ],
      "duration": 0.35,
      "rate": 0.3
    },
    "projectile_strokes": [
      {
        "width": 3,
        "fill": [
          184,
          72,
          64
        ]
      },
      {
        "width": 1,
        "fill": [
          242,
          232,
          201
        ]
      }
    ],
    "projectile": "launch / inverse speed / death cancellation",
    "solid_star_bounds": [
      {
        "sprite_px": 32,
        "solid_px": 23,
        "limit_px": 24,
        "light_medium_heavy_px": [
          19,
          21,
          23
        ]
      },
      {
        "sprite_px": 34,
        "solid_px": 25,
        "limit_px": 25,
        "light_medium_heavy_px": [
          21,
          23,
          25
        ]
      }
    ],
    "attack_impact": {
      "rings": 1,
      "ring_alpha": 208,
      "ring_width_px": 4,
      "sparks": 6,
      "stroke_widths_px": [
        3,
        1
      ]
    },
    "particle_budgets": [
      [
        0,
        0
      ],
      [
        1,
        1
      ],
      [
        8,
        8
      ],
      [
        192,
        192
      ]
    ],
    "opaque_body_fx_overlap_pixels": 0,
    "opaque_body_fx_overlap_frames": 36,
    "peak_sampled_fx_particles": 11,
    "gait": [
      {
        "species": 6,
        "two_pose_diff_pixels": 257,
        "floating": true,
        "period": 0.24
      },
      {
        "species": 65,
        "two_pose_diff_pixels": 179,
        "floating": true,
        "period": 0.24
      },
      {
        "species": 143,
        "two_pose_diff_pixels": 339,
        "floating": false,
        "period": 0.8
      },
      {
        "species": 76,
        "two_pose_diff_pixels": 414,
        "floating": false,
        "period": 0.5333333333333333
      }
    ]
  },
  "failures": [],
  "passed": true
}
