PASS 6/dummy/attack: 12 frames 90def17480d0
PASS 6/dummy/cast: 16 frames 933973fc8032
PASS 6/dummy/move: 16 frames 72a700edcc22
PASS 6/dummy/hit: 24 frames 2b7acb5fe8b3
PASS 6/melee/attack: 12 frames cd7f51d996ad
PASS 6/melee/cast: 16 frames 8ba8b88245a4
PASS 6/melee/move: 16 frames 31f020bb6b7f
PASS 6/melee/hit: 12 frames bf7cd25ba81d
PASS 6/ranged/attack: 12 frames eb6714f5a426
PASS 6/ranged/cast: 16 frames ef00ece5f867
PASS 6/ranged/move: 16 frames aa1789ac2cba
PASS 6/ranged/hit: 12 frames a68e66858889
PASS 65/dummy/attack: 12 frames b27752587ab9
PASS 65/dummy/cast: 16 frames fcf75e6e2f3a
PASS 65/dummy/move: 16 frames a38465fd3427
PASS 65/dummy/hit: 24 frames c91fd4fbe5a3
PASS 65/melee/attack: 12 frames a9e0ef6b743b
PASS 65/melee/cast: 16 frames 0e31dee95144
PASS 65/melee/move: 16 frames a64c4d1c7816
PASS 65/melee/hit: 12 frames c1049610d383
PASS 65/ranged/attack: 12 frames 4e55fe7b0e5d
PASS 65/ranged/cast: 18 frames c22d48268362
PASS 65/ranged/move: 16 frames 09dcb60d6243
PASS 65/ranged/hit: 12 frames b170b0893bd5
PASS 143/dummy/attack: 12 frames 4664327e3488
PASS 143/dummy/cast: 16 frames eaedb883651e
PASS 143/dummy/move: 14 frames 4ddd09965690
PASS 143/dummy/hit: 16 frames c92b314ca619
PASS 143/melee/attack: 12 frames b258b9074aff
PASS 143/melee/cast: 16 frames c54fab0ddaf8
PASS 143/melee/move: 14 frames 71c7005787f9
PASS 143/melee/hit: 12 frames d19f7f03849f
PASS 143/ranged/attack: 12 frames 9281881efc14
PASS 143/ranged/cast: 16 frames 6fdc11a3824b
PASS 143/ranged/move: 14 frames 7ad5d8631879
PASS 143/ranged/hit: 12 frames cc311a9bad6d
PASS 76/dummy/attack: 12 frames f228c138031c
PASS 76/dummy/cast: 16 frames 627c3b7e347e
PASS 76/dummy/move: 15 frames aefebecc0694
PASS 76/dummy/hit: 20 frames e3d314589edf
PASS 76/melee/attack: 12 frames b8270d649f11
PASS 76/melee/cast: 16 frames 1983e0a24527
PASS 76/melee/move: 15 frames 0e8d92ffadb4
PASS 76/melee/hit: 12 frames 9f5d59ef34ae
PASS 76/ranged/attack: 12 frames dd987bc9520e
PASS 76/ranged/cast: 16 frames fd55509aec80
PASS 76/ranged/move: 15 frames 03ad09564d74
PASS 76/ranged/hit: 12 frames ca72a907edc2
PASS 48 clips, 701 PNG frames; reports/evidence/range-attack-presence-2026-10-04
