
[RUN] unit_tests: /Users/bytedance/.pyenv/versions/3.12.0/bin/python3 -m unittest discover -s tests -v
test_all_84_species_six_actions_use_real_events_and_rewind_identically (test_animation_authoring.AnimationAuthoringContracts.test_all_84_species_six_actions_use_real_events_and_rewind_identically) ... /Users/bytedance/luobata/PokeTactics/tools/mockups/character_rigs.py:321: DeprecationWarning: Image.Image.getdata is deprecated and will be removed in Pillow 14 (2027-10-15). Use get_flattened_data instead.
  opaque = [pixel[:3] for pixel in cel.getdata() if pixel[3]]
/Users/bytedance/luobata/PokeTactics/tools/mockups/character_rigs.py:308: DeprecationWarning: Image.Image.getdata is deprecated and will be removed in Pillow 14 (2027-10-15). Use get_flattened_data instead.
  color = max((pixel for pixel in cel.getdata() if pixel[3]),
/Users/bytedance/luobata/PokeTactics/tools/mockups/motion.py:465: DeprecationWarning: Image.Image.getdata is deprecated and will be removed in Pillow 14 (2027-10-15). Use get_flattened_data instead.
  bright = max((c for c in cel.getdata() if c[3]), key=lambda c: sum(c[:3]))
ok
test_capability_matrix_does_not_confuse_shared_and_bespoke_actions (test_animation_authoring.AnimationAuthoringContracts.test_capability_matrix_does_not_confuse_shared_and_bespoke_actions) ... ok
test_hidden_source_slice_and_its_joint_are_not_painted (test_animation_authoring.AnimationAuthoringContracts.test_hidden_source_slice_and_its_joint_are_not_painted) ... ok
test_incomplete_body_cannot_be_published_as_a_complete_part_rig (test_animation_authoring.AnimationAuthoringContracts.test_incomplete_body_cannot_be_published_as_a_complete_part_rig) ... ok
test_malformed_tracks_are_rejected_before_render (test_animation_authoring.AnimationAuthoringContracts.test_malformed_tracks_are_rejected_before_render) ... ok
test_new_species_reuses_ordinary_and_special_paths_without_core_allowlist (test_animation_authoring.AnimationAuthoringContracts.test_new_species_reuses_ordinary_and_special_paths_without_core_allowlist) ... ok
test_new_species_secondary_effects_follow_arch_and_actual_payload (test_animation_authoring.AnimationAuthoringContracts.test_new_species_secondary_effects_follow_arch_and_actual_payload) ... ok
test_portable_track_clamps_seeks_and_switches_visibility_on_key (test_animation_authoring.AnimationAuthoringContracts.test_portable_track_clamps_seeks_and_switches_visibility_on_key) ... ok
test_rig_rejects_missing_parts_phases_bad_pivots_and_false_readiness (test_animation_authoring.AnimationAuthoringContracts.test_rig_rejects_missing_parts_phases_bad_pivots_and_false_readiness) ... ok
test_subpixel_slice_fails_with_its_part_name_instead_of_dividing_by_zero (test_animation_authoring.AnimationAuthoringContracts.test_subpixel_slice_fails_with_its_part_name_instead_of_dividing_by_zero) ... ok
test_all_action_previews_include_subject_phases_and_bounded_frames (test_animation_preview.AnimationPreviewContracts.test_all_action_previews_include_subject_phases_and_bounded_frames) ... ok
test_cache_pruning_is_bounded_and_preserves_current_pair_and_unowned_files (test_animation_preview.AnimationPreviewContracts.test_cache_pruning_is_bounded_and_preserves_current_pair_and_unowned_files) ... ok
test_failed_pairs_cannot_fill_cache_or_evict_the_last_success (test_animation_preview.AnimationPreviewContracts.test_failed_pairs_cannot_fill_cache_or_evict_the_last_success) ... ok
test_failed_render_preserves_existing_cache_and_cleans_partial_frames (test_animation_preview.AnimationPreviewContracts.test_failed_render_preserves_existing_cache_and_cleans_partial_frames) ... ok
test_json_and_request_limits (test_animation_preview.AnimationPreviewContracts.test_json_and_request_limits) ... ok
test_preset_roundtrip_and_input_do_not_leak_between_instances (test_animation_preview.AnimationPreviewContracts.test_preset_roundtrip_and_input_do_not_leak_between_instances) ... ok
test_presets_reject_unknown_fields_nonfinite_types_and_future_versions (test_animation_preview.AnimationPreviewContracts.test_presets_reject_unknown_fields_nonfinite_types_and_future_versions) ... ok
test_source_revision_invalidates_cache (test_animation_preview.AnimationPreviewContracts.test_source_revision_invalidates_cache) ... ok
test_visual_edit_changes_pixels_but_preserves_timing_hp_and_base (test_animation_preview.AnimationPreviewContracts.test_visual_edit_changes_pixels_but_preserves_timing_hp_and_base) ... ok
test_character_catalog_distinguishes_real_mechanisms_and_planned_parts (test_animation_preview.AnimationPreviewHTTPContracts.test_character_catalog_distinguishes_real_mechanisms_and_planned_parts) ... ok
test_http_preset_validation_requires_marker_and_same_origin (test_animation_preview.AnimationPreviewHTTPContracts.test_http_preset_validation_requires_marker_and_same_origin) ... ok
test_blink_preserves_origin_then_disappears_before_destination (test_animation_timeline.AnimationTimelineContracts.test_blink_preserves_origin_then_disappears_before_destination) ... ok
test_cast_energy_stays_visible_through_windup_then_uses_authoritative_state (test_animation_timeline.AnimationTimelineContracts.test_cast_energy_stays_visible_through_windup_then_uses_authoritative_state) ... ok
test_death_never_precedes_its_last_landed_state (test_animation_timeline.AnimationTimelineContracts.test_death_never_precedes_its_last_landed_state) ... ok
test_dense_battle_has_finite_cinematics_signature_tracks_and_particles (test_animation_timeline.AnimationTimelineContracts.test_dense_battle_has_finite_cinematics_signature_tracks_and_particles) ... ok
test_heavy_hero_has_crouch_lift_and_downward_contact (test_animation_timeline.AnimationTimelineContracts.test_heavy_hero_has_crouch_lift_and_downward_contact) ... ok
test_hero_rhythm_and_body_poses_are_distinct (test_animation_timeline.AnimationTimelineContracts.test_hero_rhythm_and_body_poses_are_distinct) ... ok
test_legacy_lethal_attack_does_not_cancel_its_own_projectile (test_animation_timeline.AnimationTimelineContracts.test_legacy_lethal_attack_does_not_cancel_its_own_projectile) ... ok
test_lethal_projectile_arrives_before_hp_and_death_change (test_animation_timeline.AnimationTimelineContracts.test_lethal_projectile_arrives_before_hp_and_death_change) ... ok
test_seek_speed_skip_and_independent_same_seed_render_identical_pixels (test_animation_timeline.AnimationTimelineContracts.test_seek_speed_skip_and_independent_same_seed_render_identical_pixels) ... ok
test_unit_state_order_and_final_result_match_raw_simulation (test_animation_timeline.AnimationTimelineContracts.test_unit_state_order_and_final_result_match_raw_simulation) ... ok
test_atlas_metadata_cannot_point_at_different_species_pixels (test_art_manifest.ArtManifestContracts.test_atlas_metadata_cannot_point_at_different_species_pixels) ... ok
test_core_pixel_cels_are_exported_and_tampering_cannot_fake_provenance (test_art_manifest.ArtManifestContracts.test_core_pixel_cels_are_exported_and_tampering_cannot_fake_provenance) ... ok
test_export_is_stable_across_fresh_processes_and_has_no_host_path (test_art_manifest.ArtManifestContracts.test_export_is_stable_across_fresh_processes_and_has_no_host_path) ... ok
test_integer_export_matches_python_samples_at_clip_boundaries (test_art_manifest.ArtManifestContracts.test_integer_export_matches_python_samples_at_clip_boundaries) ... ok
test_inventing_an_animation_catalog_entry_cannot_fake_coverage (test_art_manifest.ArtManifestContracts.test_inventing_an_animation_catalog_entry_cannot_fake_coverage) ... ok
test_malformed_binary_layout_and_palette_index_are_rejected (test_art_manifest.ArtManifestContracts.test_malformed_binary_layout_and_palette_index_are_rejected) ... ok
test_missing_animation_reference_is_not_hidden_by_revision (test_art_manifest.ArtManifestContracts.test_missing_animation_reference_is_not_hidden_by_revision) ... ok
test_missing_asset_is_a_hard_failure (test_art_manifest.ArtManifestContracts.test_missing_asset_is_a_hard_failure) ... ok
test_modified_asset_and_forged_hash_are_rejected (test_art_manifest.ArtManifestContracts.test_modified_asset_and_forged_hash_are_rejected) ... ok
test_pc_evidence_is_separate_from_configuration_and_esp32_claims (test_art_manifest.ArtManifestContracts.test_pc_evidence_is_separate_from_configuration_and_esp32_claims) ... ok
test_planned_rigs_cannot_be_reported_as_implemented (test_art_manifest.ArtManifestContracts.test_planned_rigs_cannot_be_reported_as_implemented) ... ok
test_real_byte_ranges_hashes_and_declared_coverage_match_inputs (test_art_manifest.ArtManifestContracts.test_real_byte_ranges_hashes_and_declared_coverage_match_inputs) ... ok
test_traversal_in_resource_reference_is_rejected (test_art_manifest.ArtManifestContracts.test_traversal_in_resource_reference_is_rejected) ... ok
test_counter_and_equipment_use_the_combat_role (test_bot_value_contracts.BotValueContracts.test_counter_and_equipment_use_the_combat_role) ... ok
test_full_bench_replaces_terminal_duplicate_before_stronger_single (test_bot_value_contracts.BotValueContracts.test_full_bench_replaces_terminal_duplicate_before_stronger_single) ... ok
test_full_bench_still_protects_legal_pair (test_bot_value_contracts.BotValueContracts.test_full_bench_still_protects_legal_pair) ... ok
test_l1_buys_unrelated_legal_third_copy_and_combines (test_bot_value_contracts.BotValueContracts.test_l1_buys_unrelated_legal_third_copy_and_combines) ... ok
test_l1_can_still_buy_terminal_duplicate_for_board_types (test_bot_value_contracts.BotValueContracts.test_l1_can_still_buy_terminal_duplicate_for_board_types) ... ok
test_l1_does_not_buy_unrelated_terminal_or_trade_duplicate (test_bot_value_contracts.BotValueContracts.test_l1_does_not_buy_unrelated_terminal_or_trade_duplicate) ... ok
test_l1_full_bench_buys_profile_upgrade_and_selects_it (test_bot_value_contracts.BotValueContracts.test_l1_full_bench_buys_profile_upgrade_and_selects_it) ... ok
test_legal_evolutions_keep_pair_and_completion_bonus (test_bot_value_contracts.BotValueContracts.test_legal_evolutions_keep_pair_and_completion_bonus) ... ok
test_profile_range_controls_actual_back_row_and_disabled_fallback (test_bot_value_contracts.BotValueContracts.test_profile_range_controls_actual_back_row_and_disabled_fallback) ... ok
test_ranged_penalty_follows_active_range_exactly_once (test_bot_value_contracts.BotValueContracts.test_ranged_penalty_follows_active_range_exactly_once) ... ok
test_sell_pass_does_not_protect_weaker_terminal_duplicates (test_bot_value_contracts.BotValueContracts.test_sell_pass_does_not_protect_weaker_terminal_duplicates) ... ok
test_sell_pass_protects_legal_pair_even_when_destination_is_out_of_stock (test_bot_value_contracts.BotValueContracts.test_sell_pass_protects_legal_pair_even_when_destination_is_out_of_stock) ... ok
test_shop_and_board_include_the_same_profile_value (test_bot_value_contracts.BotValueContracts.test_shop_and_board_include_the_same_profile_value) ... ok
test_terminal_forms_and_eevee_leaves_have_no_chase_bonus (test_bot_value_contracts.BotValueContracts.test_terminal_forms_and_eevee_leaves_have_no_chase_bonus) ... ok
test_trade_forms_have_no_pair_bonus_and_keep_third_copy_penalty (test_bot_value_contracts.BotValueContracts.test_trade_forms_have_no_pair_bonus_and_keep_third_copy_penalty) ... ok
test_budget_gengar_disrupts_most_charged_in_range_but_normal_is_immune (test_build_diversity.BudgetTactics.test_budget_gengar_disrupts_most_charged_in_range_but_normal_is_immune) ... ok
test_gengar_override_is_opt_in_and_does_not_mutate_native_data (test_build_diversity.BudgetTactics.test_gengar_override_is_opt_in_and_does_not_mutate_native_data) ... ok
test_legacy_gengar_retains_original_target (test_build_diversity.BudgetTactics.test_legacy_gengar_retains_original_target) ... ok
test_lens_first_cast_is_two_basic_actions_earlier_at_damage_cost (test_build_diversity.BudgetTactics.test_lens_first_cast_is_two_basic_actions_earlier_at_damage_cost) ... ok
test_lens_trades_damage_for_startup_only_in_budget_mode (test_build_diversity.BudgetTactics.test_lens_trades_damage_for_startup_only_in_budget_mode) ... ok
test_team_fixtures_have_equal_cost_resources_and_rotate_exactly (test_build_diversity.BudgetTactics.test_team_fixtures_have_equal_cost_resources_and_rotate_exactly) ... ok
test_explicit_learning_wins_over_old_partner_without_stacking (test_build_diversity.LearnedCombat.test_explicit_learning_wins_over_old_partner_without_stacking) ... ok
test_learning_shape_and_species_validated_before_rng_consumption (test_build_diversity.LearnedCombat.test_learning_shape_and_species_validated_before_rng_consumption) ... ok
test_none_learning_is_legacy_identical_and_does_not_require_partner (test_build_diversity.LearnedCombat.test_none_learning_is_legacy_identical_and_does_not_require_partner) ... ok
test_ordinary_cut_is_single_use_with_no_extra_hit_energy (test_build_diversity.LearnedCombat.test_ordinary_cut_is_single_use_with_no_extra_hit_energy) ... ok
test_ordinary_rest_costs_action_and_emits_authoritative_state (test_build_diversity.LearnedCombat.test_ordinary_rest_costs_action_and_emits_authoritative_state) ... ok
test_ordinary_surf_preserves_native_cast_and_caps_secondary_hits (test_build_diversity.LearnedCombat.test_ordinary_surf_preserves_native_cast_and_caps_secondary_hits) ... ok
test_all_roster_has_honest_independent_capabilities (test_character_catalog.CharacterCatalogContracts.test_all_roster_has_honest_independent_capabilities) ... ok
test_catalog_does_not_mark_a_truncated_sprite_as_previewable (test_character_catalog.CharacterCatalogContracts.test_catalog_does_not_mark_a_truncated_sprite_as_previewable) ... ok
test_existing_dex_member_is_not_in_shop_until_selected (test_character_catalog.CharacterCatalogContracts.test_existing_dex_member_is_not_in_shop_until_selected) ... ok
test_manifest_supports_uint16_species_ids_beyond_first_generation (test_character_catalog.CharacterCatalogContracts.test_manifest_supports_uint16_species_ids_beyond_first_generation) ... ok
test_minimal_signature_profile_does_not_require_presentation_prose (test_character_catalog.CharacterCatalogContracts.test_minimal_signature_profile_does_not_require_presentation_prose) ... ok
test_new_family_member_automatically_appears_but_missing_art_is_explicit (test_character_catalog.CharacterCatalogContracts.test_new_family_member_automatically_appears_but_missing_art_is_explicit) ... ok
test_noncore_default_preview_is_valid_but_unsupported_edits_are_rejected (test_character_catalog.CharacterCatalogContracts.test_noncore_default_preview_is_valid_but_unsupported_edits_are_rejected) ... ok
test_catalog_distinguishes_delivered_parts_from_plans (test_character_rigs.CharacterRigTests.test_catalog_distinguishes_delivered_parts_from_plans) ... ok
test_each_delivered_rig_has_distinct_attack_and_cast_pixels (test_character_rigs.CharacterRigTests.test_each_delivered_rig_has_distinct_attack_and_cast_pixels) ... ok
test_extended_vines_survive_source_rectangle_without_clipping (test_character_rigs.CharacterRigTests.test_extended_vines_survive_source_rectangle_without_clipping) ... ok
test_freeze_stops_part_track_and_death_overrides_it (test_character_rigs.CharacterRigTests.test_freeze_stops_part_track_and_death_overrides_it) ... ok
test_mirror_is_exact_and_attachment_coordinates_follow_it (test_character_rigs.CharacterRigTests.test_mirror_is_exact_and_attachment_coordinates_follow_it) ... ok
test_real_claw_cannons_and_vine_anchors_move (test_character_rigs.CharacterRigTests.test_real_claw_cannons_and_vine_anchors_move) ... ok
test_renderer_seeks_repeat_same_pixels_and_leave_authority_unchanged (test_character_rigs.CharacterRigTests.test_renderer_seeks_repeat_same_pixels_and_leave_authority_unchanged) ... ok
test_source_palette_alpha_and_input_are_preserved (test_character_rigs.CharacterRigTests.test_source_palette_alpha_and_input_are_preserved) ... /Users/bytedance/luobata/PokeTactics/tests/test_character_rigs.py:95: DeprecationWarning: Image.Image.getdata is deprecated and will be removed in Pillow 14 (2027-10-15). Use get_flattened_data instead.
  colors={pixel[:3] for pixel in source.getdata() if pixel[3]}
/Users/bytedance/luobata/PokeTactics/tests/test_character_rigs.py:98: DeprecationWarning: Image.Image.getdata is deprecated and will be removed in Pillow 14 (2027-10-15). Use get_flattened_data instead.
  self.assertLessEqual({pixel[:3] for pixel in image.getdata() if pixel[3]},colors)
ok
test_whole_body_pose_preserves_named_anchors_and_padded_canvas (test_character_rigs.CharacterRigTests.test_whole_body_pose_preserves_named_anchors_and_padded_canvas) ... ok
test_back_formation_is_a_180_degree_mirror (test_combat_contracts.CombatContracts.test_back_formation_is_a_180_degree_mirror) ... ok
test_basic_attack_grants_authoritative_energy_with_bonuses (test_combat_contracts.CombatContracts.test_basic_attack_grants_authoritative_energy_with_bonuses) ... ok
test_blink_with_no_landing_cell_retains_original_target (test_combat_contracts.CombatContracts.test_blink_with_no_landing_cell_retains_original_target) ... ok
test_both_teams_launch_opening_volley_before_casualties (test_combat_contracts.CombatContracts.test_both_teams_launch_opening_volley_before_casualties) ... ok
test_cast_really_applies_each_type_status_at_100_percent (test_combat_contracts.CombatContracts.test_cast_really_applies_each_type_status_at_100_percent) ... ok
test_explicit_positions_and_validation (test_combat_contracts.CombatContracts.test_explicit_positions_and_validation) ... ok
test_identical_team_sample_has_no_large_side_bias (test_combat_contracts.CombatContracts.test_identical_team_sample_has_no_large_side_bias) ... ok
test_lethal_primary_skips_second_strike_and_never_duplicates_death (test_combat_contracts.CombatContracts.test_lethal_primary_skips_second_strike_and_never_duplicates_death) ... ok
test_missed_cast_does_not_apply_status_or_grant_hit_energy (test_combat_contracts.CombatContracts.test_missed_cast_does_not_apply_status_or_grant_hit_energy) ... ok
test_same_seed_and_rotated_side_swap_preserve_each_unit_result (test_combat_contracts.CombatContracts.test_same_seed_and_rotated_side_swap_preserve_each_unit_result) ... ok
test_splash_uses_secondary_defense_and_each_modifier_once (test_combat_contracts.CombatContracts.test_splash_uses_secondary_defense_and_each_modifier_once) ... ok
test_unreachable_charge_falls_back_without_wasted_movement (test_combat_contracts.CombatContracts.test_unreachable_charge_falls_back_without_wasted_movement) ... ok
test_volley_and_double_strike_do_not_repeat_primary_modifiers (test_combat_contracts.CombatContracts.test_volley_and_double_strike_do_not_repeat_primary_modifiers) ... ok
test_alive_player_cannot_skip_entire_game (test_demo_contracts.DemoContracts.test_alive_player_cannot_skip_entire_game) ... ok
test_all_four_corners_reach_authoritative_renderer (test_demo_contracts.DemoContracts.test_all_four_corners_reach_authoritative_renderer) ... ok
test_board_only_merge_cannot_overflow_full_bench (test_demo_contracts.DemoContracts.test_board_only_merge_cannot_overflow_full_bench) ... ok
test_enemy_and_pve_preview_use_rotated_back_formation (test_demo_contracts.DemoContracts.test_enemy_and_pve_preview_use_rotated_back_formation) ... ok
test_full_bench_allows_immediate_merge (test_demo_contracts.DemoContracts.test_full_bench_allows_immediate_merge) ... ok
test_full_bench_denial_is_atomic_even_when_target_pool_is_empty (test_demo_contracts.DemoContracts.test_full_bench_denial_is_atomic_even_when_target_pool_is_empty) ... ok
test_human_as_bot_ghost_preserves_rotated_grid (test_demo_contracts.DemoContracts.test_human_as_bot_ghost_preserves_rotated_grid) ... ok
test_l3_and_ghost_opponent_keep_the_advertised_preparation_order (test_demo_contracts.DemoContracts.test_l3_and_ghost_opponent_keep_the_advertised_preparation_order) ... ok
test_lock_retains_reserved_slots_and_refresh_unlocks (test_demo_contracts.DemoContracts.test_lock_retains_reserved_slots_and_refresh_unlocks) ... ok
test_manual_elimination_can_advance_and_finish_with_persistent_result (test_demo_contracts.DemoContracts.test_manual_elimination_can_advance_and_finish_with_persistent_result) ... ok
test_new_game_accepts_reproducible_seed_or_generates_one (test_demo_contracts.DemoContracts.test_new_game_accepts_reproducible_seed_or_generates_one) ... ok
test_pool_recovery_cannot_overflow_previously_nonfull_bench (test_demo_contracts.DemoContracts.test_pool_recovery_cannot_overflow_previously_nonfull_bench) ... ok
test_position_order_matches_piece_order_after_swap (test_demo_contracts.DemoContracts.test_position_order_matches_piece_order_after_swap) ... ok
test_role_card_uses_effective_profile_range_and_skill (test_demo_contracts.DemoContracts.test_role_card_uses_effective_profile_range_and_skill) ... ok
test_stone_rejection_keeps_equipment_and_resources_unchanged (test_demo_contracts.DemoContracts.test_stone_rejection_keeps_equipment_and_resources_unchanged) ... ok
test_cancel_and_long_on_no_detail_never_perform_selected_action (test_device_controls.DeviceControlsContracts.test_cancel_and_long_on_no_detail_never_perform_selected_action) ... ok
test_client_tick_does_not_swallow_keys_and_network_recovery_never_replays_action (test_device_controls.DeviceControlsContracts.test_client_tick_does_not_swallow_keys_and_network_recovery_never_replays_action) ... ok
test_details_paginate_and_lists_scroll_with_only_three_keys (test_device_controls.DeviceControlsContracts.test_details_paginate_and_lists_scroll_with_only_three_keys) ... ok
test_eliminated_prep_has_only_spectator_actions_and_no_shop (test_device_controls.DeviceControlsContracts.test_eliminated_prep_has_only_spectator_actions_and_no_shop) ... ok
test_expedition_picker_starts_only_on_explicit_confirmation (test_device_controls.DeviceControlsContracts.test_expedition_picker_starts_only_on_explicit_confirmation) ... ok
test_graphical_formation_and_portraits_follow_saved_targets (test_device_controls.DeviceControlsContracts.test_graphical_formation_and_portraits_follow_saved_targets) ... ok
test_incompatible_learning_explains_rejection_and_does_not_consume_inventory (test_device_controls.DeviceControlsContracts.test_incompatible_learning_explains_rejection_and_does_not_consume_inventory) ... ok
test_initial_state_has_only_home_and_navigation_does_not_save (test_device_controls.DeviceControlsContracts.test_initial_state_has_only_home_and_navigation_does_not_save) ... ok
test_only_three_keys_can_buy_deploy_fight_and_advance_without_duplicate_battle (test_device_controls.DeviceControlsContracts.test_only_three_keys_can_buy_deploy_fight_and_advance_without_duplicate_battle) ... ok
test_playback_end_cancels_a_held_confirm_but_allows_the_next_press (test_device_controls.DeviceControlsContracts.test_playback_end_cancels_a_held_confirm_but_allows_the_next_press) ... ok
test_readonly_screen_and_shared_physical_input_transport (test_device_controls.DeviceControlsContracts.test_readonly_screen_and_shared_physical_input_transport) ... ok
test_remembered_slot_survives_restart_without_loading_until_continue (test_device_controls.DeviceControlsContracts.test_remembered_slot_survives_restart_without_loading_until_continue) ... ok
test_rendered_playback_starts_after_render_and_auto_result_advances_directly (test_device_controls.DeviceControlsContracts.test_rendered_playback_starts_after_render_and_auto_result_advances_directly) ... ok
test_resume_link_and_device_cap_do_not_create_new_game (test_device_controls.DeviceControlsContracts.test_resume_link_and_device_cap_do_not_create_new_game) ... ok
test_sleep_and_wake_consume_whole_gesture_without_confirming_or_advancing (test_device_controls.DeviceControlsContracts.test_sleep_and_wake_consume_whole_gesture_without_confirming_or_advancing) ... ok
test_stale_shop_or_uid_target_is_cancelled_after_another_page_mutates (test_device_controls.DeviceControlsContracts.test_stale_shop_or_uid_target_is_cancelled_after_another_page_mutates) ... ok
test_synergy_copy_explains_caps_and_time_units (test_device_controls.DeviceControlsContracts.test_synergy_copy_explains_caps_and_time_units) ... ok
test_uid_target_learning_and_default_cancel_on_replacement (test_device_controls.DeviceControlsContracts.test_uid_target_learning_and_default_cancel_on_replacement) ... ok
test_warehouse_craft_equip_unequip_and_sell_cancel_use_saved_transactions (test_device_controls.DeviceControlsContracts.test_warehouse_craft_equip_unequip_and_sell_cancel_use_saved_transactions) ... ok
test_back_and_detail_fire_at_600ms_without_release_click (test_device_input.DeviceInputContracts.test_back_and_detail_fire_at_600ms_without_release_click) ... ok
test_c_detail_can_continue_to_global_sleep_despite_page_transition (test_device_input.DeviceInputContracts.test_c_detail_can_continue_to_global_sleep_despite_page_transition) ... ok
test_cancel_and_busy_drain_held_keys_without_click (test_device_input.DeviceInputContracts.test_cancel_and_busy_drain_held_keys_without_click) ... ok
test_idle_sleep_and_bad_clock_or_unknown_key (test_device_input.DeviceInputContracts.test_idle_sleep_and_bad_clock_or_unknown_key) ... ok
test_release_computes_long_hold_without_tick_and_no_short_action (test_device_input.DeviceInputContracts.test_release_computes_long_hold_without_tick_and_no_short_action) ... ok
test_short_click_only_on_release_and_os_repeat_is_ignored (test_device_input.DeviceInputContracts.test_short_click_only_on_release_and_os_repeat_is_ignored) ... ok
test_transition_swallows_new_hold_even_after_block_period_ends (test_device_input.DeviceInputContracts.test_transition_swallows_new_hold_even_after_block_period_ends) ... ok
test_wake_swallows_whole_gesture_and_chord_until_end (test_device_input.DeviceInputContracts.test_wake_swallows_whole_gesture_and_chord_until_end) ... ok
test_all_battle_paths_receive_budget_including_pve_and_ghost_source (test_expedition_contracts.ExpeditionContracts.test_all_battle_paths_receive_budget_including_pve_and_ghost_source) ... ok
test_backup_round_trip_and_corrupt_profile_is_not_reset (test_expedition_contracts.ExpeditionContracts.test_backup_round_trip_and_corrupt_profile_is_not_reset) ... ok
test_checksumming_invalid_loadout_cannot_replace_any_state (test_expedition_contracts.ExpeditionContracts.test_checksumming_invalid_loadout_cannot_replace_any_state) ... ok
test_empty_opponent_victory_still_marks_fielded_team_as_won (test_expedition_contracts.ExpeditionContracts.test_empty_opponent_victory_still_marks_fielded_team_as_won) ... ok
test_finish_loss_unlocks_equipment_and_rest_once_even_after_import (test_expedition_contracts.ExpeditionContracts.test_finish_loss_unlocks_equipment_and_rest_once_even_after_import) ... ok
test_legacy_migration_and_new_schema_reject_missing_or_bad_extension (test_expedition_contracts.ExpeditionContracts.test_legacy_migration_and_new_schema_reject_missing_or_bad_extension) ... ok
test_locked_or_incompatible_loadout_does_not_create_session (test_expedition_contracts.ExpeditionContracts.test_locked_or_incompatible_loadout_does_not_create_session) ... ok
test_profile_write_failure_retains_committed_battle_and_resume_retries (test_expedition_contracts.ExpeditionContracts.test_profile_write_failure_retains_committed_battle_and_resume_retries) ... ok
test_real_fielding_unlocks_cut_for_next_run_only (test_expedition_contracts.ExpeditionContracts.test_real_fielding_unlocks_cut_for_next_run_only) ... ok
test_session_write_failure_never_publishes_profile_achievement (test_expedition_contracts.ExpeditionContracts.test_session_write_failure_never_publishes_profile_achievement) ... ok
test_starter_paid_and_loadout_saved_and_duplicate_import_is_one_run (test_expedition_contracts.ExpeditionContracts.test_starter_paid_and_loadout_saved_and_duplicate_import_is_one_run) ... ok
test_visible_pve_wave_is_recorded_in_seen_dex (test_expedition_contracts.ExpeditionContracts.test_visible_pve_wave_is_recorded_in_seen_dex) ... ok
test_authored_body_can_render_without_a_part_rig (test_fallback_animation.AssetFallbackContracts.test_authored_body_can_render_without_a_part_rig) ... ok
test_missing_palette_and_resource_have_localizable_errors (test_fallback_animation.AssetFallbackContracts.test_missing_palette_and_resource_have_localizable_errors) ... ok
test_missing_transparent_and_truncated_sprites_identify_species_and_file (test_fallback_animation.AssetFallbackContracts.test_missing_transparent_and_truncated_sprites_identify_species_and_file) ... ok
test_new_id_decodes_without_a_generation_limit (test_fallback_animation.AssetFallbackContracts.test_new_id_decodes_without_a_generation_limit) ... ok
test_every_roster_member_has_a_real_precharged_cast_and_visible_frames (test_fallback_animation.RosterPreviewContracts.test_every_roster_member_has_a_real_precharged_cast_and_visible_frames) ... ok
test_generic_body_prepares_until_release_and_recovers_with_timeline (test_fallback_animation.RosterPreviewContracts.test_generic_body_prepares_until_release_and_recovers_with_timeline) ... ok
test_missing_sprite_fails_before_any_bbox_or_style_lookup (test_fallback_animation.RosterPreviewContracts.test_missing_sprite_fails_before_any_bbox_or_style_lookup) ... ok
test_move_hit_and_death_preview_keep_real_events (test_fallback_animation.RosterPreviewContracts.test_move_hit_and_death_preview_keep_real_events) ... ok
test_previously_truncated_ranged_attacks_include_impact_and_settle (test_fallback_animation.RosterPreviewContracts.test_previously_truncated_ranged_attacks_include_impact_and_settle) ... ok
test_branch_leaves_do_not_merge_or_change_equipment (test_growth_contracts.GrowthContracts.test_branch_leaves_do_not_merge_or_change_equipment) ... ok
test_eevee_branch_choice_is_stable (test_growth_contracts.GrowthContracts.test_eevee_branch_choice_is_stable) ... ok
test_merge_keeps_investment_sources_and_every_item (test_growth_contracts.GrowthContracts.test_merge_keeps_investment_sources_and_every_item) ... ok
test_missing_destination_stock_does_not_consume_anything (test_growth_contracts.GrowthContracts.test_missing_destination_stock_does_not_consume_anything) ... ok
test_no_inventory_does_not_discard_extra_items (test_growth_contracts.GrowthContracts.test_no_inventory_does_not_discard_extra_items) ... ok
test_only_direct_children_are_evolutions (test_growth_contracts.GrowthContracts.test_only_direct_children_are_evolutions) ... ok
test_recursive_merge_keeps_all_nine_base_copies (test_growth_contracts.GrowthContracts.test_recursive_merge_keeps_all_nine_base_copies) ... ok
test_single_item_can_merge_without_inventory (test_growth_contracts.GrowthContracts.test_single_item_can_merge_without_inventory) ... ok
test_trade_forms_still_require_stone (test_growth_contracts.GrowthContracts.test_trade_forms_still_require_stone) ... ok
test_balance_health_failure_returns_nonzero_and_restores_state (test_match_contracts.ExperimentIsolationContracts.test_balance_health_failure_returns_nonzero_and_restores_state) ... ok
test_balance_main_restores_state_on_failure (test_match_contracts.ExperimentIsolationContracts.test_balance_main_restores_state_on_failure) ... ok
test_current_balance_restores_all_fields_after_each_predecessor (test_match_contracts.ExperimentIsolationContracts.test_current_balance_restores_all_fields_after_each_predecessor) ... ok
test_historical_energy_is_not_derived_from_live_energy (test_match_contracts.ExperimentIsolationContracts.test_historical_energy_is_not_derived_from_live_energy) ... ok
test_importing_pacing_has_no_gameplay_side_effect (test_match_contracts.ExperimentIsolationContracts.test_importing_pacing_has_no_gameplay_side_effect) ... ok
test_pacing_arms_are_order_independent_in_state_and_behavior (test_match_contracts.ExperimentIsolationContracts.test_pacing_arms_are_order_independent_in_state_and_behavior) ... ok
test_pacing_main_restores_state_on_failure (test_match_contracts.ExperimentIsolationContracts.test_pacing_main_restores_state_on_failure) ... ok
test_every_pve_wave_receives_its_scheduled_weather (test_match_contracts.MatchWeatherContracts.test_every_pve_wave_receives_its_scheduled_weather) ... ok
test_regular_and_ghost_pvp_share_round_weather (test_match_contracts.MatchWeatherContracts.test_regular_and_ghost_pvp_share_round_weather) ... ok
test_conflicting_terminal_rank_fails_without_rewriting_a_win (test_meta_profile.MetaProgressContracts.test_conflicting_terminal_rank_fails_without_rewriting_a_win) ... ok
test_default_options_and_unlocks_do_not_change_shop (test_meta_profile.MetaProgressContracts.test_default_options_and_unlocks_do_not_change_shop) ... ok
test_duplicate_settlement_and_all_snapshot_orders_are_idempotent (test_meta_profile.MetaProgressContracts.test_duplicate_settlement_and_all_snapshot_orders_are_idempotent) ... ok
test_failure_and_cross_run_fielding_unlock_horizontal_choices (test_meta_profile.MetaProgressContracts.test_failure_and_cross_run_fielding_unlock_horizontal_choices) ... ok
test_run_capacity_preserves_every_deduplication_record (test_meta_profile.MetaProgressContracts.test_run_capacity_preserves_every_deduplication_record) ... ok
test_seen_species_alone_do_not_unlock_fielding_challenges (test_meta_profile.MetaProgressContracts.test_seen_species_alone_do_not_unlock_fielding_challenges) ... ok
test_snapshot_union_overflow_is_rejected_without_mutating_inputs (test_meta_profile.MetaProgressContracts.test_snapshot_union_overflow_is_rejected_without_mutating_inputs) ... ok
test_strict_snapshot_types_and_bounds (test_meta_profile.MetaProgressContracts.test_strict_snapshot_types_and_bounds) ... ok
test_union_uses_run_id_and_does_not_mutate_inputs (test_meta_profile.MetaProgressContracts.test_union_uses_run_id_and_does_not_mutate_inputs) ... ok
test_view_and_codec_are_detached_from_profile_and_catalogs (test_meta_profile.MetaProgressContracts.test_view_and_codec_are_detached_from_profile_and_catalogs) ... ok
test_bad_backups_cannot_change_profile_or_checkpoint (test_meta_profile.MetaStorageContracts.test_bad_backups_cannot_change_profile_or_checkpoint) ... ok
test_bad_newer_slot_recovers_old_data_without_overwriting_bytes (test_meta_profile.MetaStorageContracts.test_bad_newer_slot_recovers_old_data_without_overwriting_bytes) ... ok
test_corrupt_existing_profile_never_becomes_a_new_profile (test_meta_profile.MetaStorageContracts.test_corrupt_existing_profile_never_becomes_a_new_profile) ... ok
test_future_species_ids_roundtrip_without_requiring_a_roster_entry (test_meta_profile.MetaStorageContracts.test_future_species_ids_roundtrip_without_requiring_a_roster_entry) ... ok
test_import_is_checked_and_retains_previous_profile_as_checkpoint (test_meta_profile.MetaStorageContracts.test_import_is_checked_and_retains_previous_profile_as_checkpoint) ... ok
test_io_failure_is_not_treated_as_a_new_profile (test_meta_profile.MetaStorageContracts.test_io_failure_is_not_treated_as_a_new_profile) ... ok
test_maximum_valid_ledger_fits_the_backup_capacity (test_meta_profile.MetaStorageContracts.test_maximum_valid_ledger_fits_the_backup_capacity) ... ok
test_missing_creates_profile_and_restart_preserves_progress (test_meta_profile.MetaStorageContracts.test_missing_creates_profile_and_restart_preserves_progress) ... ok
test_verified_future_profile_version_blocks_load_save_and_import (test_meta_profile.MetaStorageContracts.test_verified_future_profile_version_blocks_load_save_and_import) ... ok
test_all_eight_real_skills_expose_flight_and_land_hp_at_authoritative_impact (test_move_effects.MoveEffectContracts.test_all_eight_real_skills_expose_flight_and_land_hp_at_authoritative_impact) ... ok
test_every_move_has_visible_distinct_charge_stream_contact_and_afterwork (test_move_effects.MoveEffectContracts.test_every_move_has_visible_distinct_charge_stream_contact_and_afterwork) ... ok
test_motion_scale_changes_native_body_pose_without_retiming (test_move_effects.MoveEffectContracts.test_motion_scale_changes_native_body_pose_without_retiming) ... ok
test_original_material_cels_have_three_different_frames_and_four_opaque_inks (test_move_effects.MoveEffectContracts.test_original_material_cels_have_three_different_frames_and_four_opaque_inks) ... ok
test_override_validation_and_detached_values (test_move_effects.MoveEffectContracts.test_override_validation_and_detached_values) ... ok
test_palette_density_and_size_are_visible_controls_not_metadata (test_move_effects.MoveEffectContracts.test_palette_density_and_size_are_visible_controls_not_metadata) ... ok
test_renderer_instances_share_real_battle_without_visual_or_state_contamination (test_move_effects.MoveEffectContracts.test_renderer_instances_share_real_battle_without_visual_or_state_contamination) ... ok
test_repeated_tracks_cannot_overrun_budget_and_dont_touch_hud (test_move_effects.MoveEffectContracts.test_repeated_tracks_cannot_overrun_budget_and_dont_touch_hud) ... ok
test_absent_partner_and_explicit_legacy_are_event_identical_to_default (test_partners.PartnerContracts.test_absent_partner_and_explicit_legacy_are_event_identical_to_default) ... ok
test_all_five_traits_have_real_bounded_teammate_effects (test_partners.PartnerContracts.test_all_five_traits_have_real_bounded_teammate_effects) ... ok
test_catalog_and_learning_compatibility_are_fresh_and_strict (test_partners.PartnerContracts.test_catalog_and_learning_compatibility_are_fresh_and_strict) ... ok
test_cut_is_extra_once_and_never_replaces_signature_or_grants_side_energy (test_partners.PartnerContracts.test_cut_is_extra_once_and_never_replaces_signature_or_grants_side_energy) ... ok
test_first_deployed_family_member_is_only_partner_and_native_skills_remain (test_partners.PartnerContracts.test_first_deployed_family_member_is_only_partner_and_native_skills_remain) ... ok
test_no_self_target_or_distant_teamwork_and_no_energy_recursion (test_partners.PartnerContracts.test_no_self_target_or_distant_teamwork_and_no_energy_recursion) ... ok
test_partner_loadout_rng_is_side_swap_symmetric_in_budget_mode (test_partners.PartnerContracts.test_partner_loadout_rng_is_side_swap_symmetric_in_budget_mode) ... ok
test_surf_adds_bounded_damage_and_rest_trades_an_action_for_healing (test_partners.PartnerContracts.test_surf_adds_bounded_damage_and_rest_trades_an_action_for_healing) ... ok
test_dot_lethal_and_healing_have_authoritative_snapshots (test_replay_contracts.ReplayContracts.test_dot_lethal_and_healing_have_authoritative_snapshots) ... ok
test_every_hit_matches_live_state_including_combo_cast_and_secondary_hits (test_replay_contracts.ReplayContracts.test_every_hit_matches_live_state_including_combo_cast_and_secondary_hits) ... ok
test_hud_draws_supplied_match_snapshot (test_replay_contracts.ReplayContracts.test_hud_draws_supplied_match_snapshot) ... ok
test_sash_primary_then_lethal_secondary_replays_one_death (test_replay_contracts.ReplayContracts.test_sash_primary_then_lethal_secondary_replays_one_death) ... ok
test_all_loaded_species_have_a_cast_without_changing_learnsets (test_roster_extension_contracts.RosterExtensionContracts.test_all_loaded_species_have_a_cast_without_changing_learnsets) ... ok
test_experiment_coverage_uses_dynamic_pool_and_detects_nonexecuting_species (test_roster_extension_contracts.RosterExtensionContracts.test_experiment_coverage_uses_dynamic_pool_and_detects_nonexecuting_species) ... ok
test_generic_neutral_payload_uses_stronger_current_stat_and_matching_defense (test_roster_extension_contracts.RosterExtensionContracts.test_generic_neutral_payload_uses_stronger_current_stat_and_matching_defense) ... ok
test_new_id_in_selected_family_inherits_generic_combat_contract (test_roster_extension_contracts.RosterExtensionContracts.test_new_id_in_selected_family_inherits_generic_combat_contract) ... ok
test_no_move_generic_casts_consume_energy_and_execute_their_arch (test_roster_extension_contracts.RosterExtensionContracts.test_no_move_generic_casts_consume_energy_and_execute_their_arch) ... ok
test_overlapping_family_anchors_do_not_change_roster_or_shop_weights (test_roster_extension_contracts.RosterExtensionContracts.test_overlapping_family_anchors_do_not_change_roster_or_shop_weights) ... ok
test_partial_profiles_keep_neutral_defaults_and_generic_identity (test_roster_extension_contracts.RosterExtensionContracts.test_partial_profiles_keep_neutral_defaults_and_generic_identity) ... ok
test_profiles_off_preserves_no_move_basic_only_and_existing_moves (test_roster_extension_contracts.RosterExtensionContracts.test_profiles_off_preserves_no_move_basic_only_and_existing_moves) ... ok
test_backend_capacity_delete_and_path_restrictions (test_runtime_storage.FileBackendContracts.test_backend_capacity_delete_and_path_restrictions) ... ok
test_directory_fsync_failure_is_explicitly_uncertain (test_runtime_storage.FileBackendContracts.test_directory_fsync_failure_is_explicitly_uncertain) ... ok
test_disk_roundtrip_and_replace_failure_leave_old_bytes (test_runtime_storage.FileBackendContracts.test_disk_roundtrip_and_replace_failure_leave_old_bytes) ... ok
test_file_fsync_failure_occurs_before_replace (test_runtime_storage.FileBackendContracts.test_file_fsync_failure_occurs_before_replace) ... ok
test_namespace_and_key_symlinks_are_not_followed (test_runtime_storage.FileBackendContracts.test_namespace_and_key_symlinks_are_not_followed) ... ok
test_backup_roundtrip_and_local_sequence_do_not_inherit_foreign_counter (test_runtime_storage.RuntimeStorageContracts.test_backup_roundtrip_and_local_sequence_do_not_inherit_foreign_counter) ... ok
test_bad_checksum_does_not_trust_poisoned_version_or_sequence (test_runtime_storage.RuntimeStorageContracts.test_bad_checksum_does_not_trust_poisoned_version_or_sequence) ... ok
test_both_corrupt_slots_are_not_empty (test_runtime_storage.RuntimeStorageContracts.test_both_corrupt_slots_are_not_empty) ... ok
test_capacity_applies_to_whole_envelope_and_preserves_previous (test_runtime_storage.RuntimeStorageContracts.test_capacity_applies_to_whole_envelope_and_preserves_previous) ... ok
test_checkpoint_failure_aborts_import_before_data_slots_change (test_runtime_storage.RuntimeStorageContracts.test_checkpoint_failure_aborts_import_before_data_slots_change) ... ok
test_corrupt_or_truncated_new_slot_falls_back_to_old (test_runtime_storage.RuntimeStorageContracts.test_corrupt_or_truncated_new_slot_falls_back_to_old) ... ok
test_decode_validation_rejects_checksum_valid_invalid_game_state (test_runtime_storage.RuntimeStorageContracts.test_decode_validation_rejects_checksum_valid_invalid_game_state) ... ok
test_duplicate_keys_bad_types_and_nonfinite_json_are_rejected (test_runtime_storage.RuntimeStorageContracts.test_duplicate_keys_bad_types_and_nonfinite_json_are_rejected) ... ok
test_empty_is_distinct_from_corrupt_and_error_does_not_authorize_save (test_runtime_storage.RuntimeStorageContracts.test_empty_is_distinct_from_corrupt_and_error_does_not_authorize_save) ... ok
test_equal_sequence_with_different_verified_payloads_is_ambiguous (test_runtime_storage.RuntimeStorageContracts.test_equal_sequence_with_different_verified_payloads_is_ambiguous) ... ok
test_game_namespaces_are_isolated_and_cross_game_import_is_refused (test_runtime_storage.RuntimeStorageContracts.test_game_namespaces_are_isolated_and_cross_game_import_is_refused) ... ok
test_import_checkpoints_unsaved_current_state_before_data_write (test_runtime_storage.RuntimeStorageContracts.test_import_checkpoints_unsaved_current_state_before_data_write) ... ok
test_import_preserves_persisted_checkpoint (test_runtime_storage.RuntimeStorageContracts.test_import_preserves_persisted_checkpoint) ... ok
test_invalid_import_and_invalid_checkpoint_do_not_write (test_runtime_storage.RuntimeStorageContracts.test_invalid_import_and_invalid_checkpoint_do_not_write) ... ok
test_legacy_migration_is_read_only_until_explicit_save (test_runtime_storage.RuntimeStorageContracts.test_legacy_migration_is_read_only_until_explicit_save) ... ok
test_namespace_and_slot_reject_paths_and_unicode (test_runtime_storage.RuntimeStorageContracts.test_namespace_and_slot_reject_paths_and_unicode) ... ok
test_read_failure_does_not_fall_back_or_create_new_save (test_runtime_storage.RuntimeStorageContracts.test_read_failure_does_not_fall_back_or_create_new_save) ... ok
test_sequence_does_not_override_schema_compatibility (test_runtime_storage.RuntimeStorageContracts.test_sequence_does_not_override_schema_compatibility) ... ok
test_slots_alternate_and_newest_sequence_wins (test_runtime_storage.RuntimeStorageContracts.test_slots_alternate_and_newest_sequence_wins) ... ok
test_unconfirmed_cleanup_reports_commit_uncertainty_and_keeps_checkpoint (test_runtime_storage.RuntimeStorageContracts.test_unconfirmed_cleanup_reports_commit_uncertainty_and_keeps_checkpoint) ... ok
test_valid_newer_schema_or_storage_version_blocks_load_and_mutation (test_runtime_storage.RuntimeStorageContracts.test_valid_newer_schema_or_storage_version_blocks_load_and_mutation) ... ok
test_write_failure_torn_write_and_ambiguous_write_preserve_current (test_runtime_storage.RuntimeStorageContracts.test_write_failure_torn_write_and_ambiguous_write_preserve_current) ... ok
test_corrupt_import_cannot_change_current_save_or_memory (test_session_save.SessionSaveContracts.test_corrupt_import_cannot_change_current_save_or_memory) ... ok
test_export_import_and_undo_preserve_both_versions (test_session_save.SessionSaveContracts.test_export_import_and_undo_preserve_both_versions) ... ok
test_failed_purchase_persistence_rolls_back_memory_and_disk (test_session_save.SessionSaveContracts.test_failed_purchase_persistence_rolls_back_memory_and_disk) ... ok
test_first_import_and_import_after_restart_do_not_encode_none (test_session_save.SessionSaveContracts.test_first_import_and_import_after_restart_do_not_encode_none) ... ok
test_merge_history_and_stone_sources_are_not_reconstructed_from_species (test_session_save.SessionSaveContracts.test_merge_history_and_stone_sources_are_not_reconstructed_from_species) ... ok
test_new_game_never_overwrites_previous_game_slot (test_session_save.SessionSaveContracts.test_new_game_never_overwrites_previous_game_slot) ... ok
test_process_restart_restores_grid_inventory_shop_and_cursor_without_income (test_session_save.SessionSaveContracts.test_process_restart_restores_grid_inventory_shop_and_cursor_without_income) ... ok
test_restored_and_uninterrupted_games_match_through_pve_and_weather (test_session_save.SessionSaveContracts.test_restored_and_uninterrupted_games_match_through_pve_and_weather) ... ok
test_semantically_invalid_snapshots_are_rejected (test_session_save.SessionSaveContracts.test_semantically_invalid_snapshots_are_rejected) ... ok
test_uncertain_commit_blocks_actions_until_disk_is_reloaded (test_session_save.SessionSaveContracts.test_uncertain_commit_blocks_actions_until_disk_is_reloaded) ... ok
test_uncertain_first_save_returns_a_recovery_handle (test_session_save.SessionSaveContracts.test_uncertain_first_save_returns_a_recovery_handle) ... ok
test_unknown_rule_fingerprint_is_rejected_without_silent_rule_change (test_session_save.SessionSaveContracts.test_unknown_rule_fingerprint_is_rejected_without_silent_rule_change) ... ok
test_basic_projectiles_consume_species_attachment_points (test_signature_presentation.SignaturePresentationContracts.test_basic_projectiles_consume_species_attachment_points) ... ok
test_energy_return_uses_logged_caster_position_before_same_tick_push (test_signature_presentation.SignaturePresentationContracts.test_energy_return_uses_logged_caster_position_before_same_tick_push) ... ok
test_real_effects_are_visible_only_at_their_owned_impact (test_signature_presentation.SignaturePresentationContracts.test_real_effects_are_visible_only_at_their_owned_impact) ... ok
test_zero_heal_and_zero_energy_do_not_draw_success_feedback (test_signature_presentation.SignaturePresentationContracts.test_zero_heal_and_zero_energy_do_not_draw_success_feedback) ... ok
test_all_eight_bind_real_moves_and_profile_gate (test_signature_skills.SignatureSkills.test_all_eight_bind_real_moves_and_profile_gate) ... ok
test_directed_evidence_has_bounded_causal_packets_and_real_geometry (test_signature_skills.SignatureSkills.test_directed_evidence_has_bounded_causal_packets_and_real_geometry) ... ok
test_effective_damage_counts_sash_overkill_and_dead_packets_once (test_signature_skills.SignatureSkills.test_effective_damage_counts_sash_overkill_and_dead_packets_once) ... ok
test_energy_drain_uses_actual_post_hit_energy_and_authoritative_states (test_signature_skills.SignatureSkills.test_energy_drain_uses_actual_post_hit_energy_and_authoritative_states) ... ok
test_flinch_helper_is_bounded_dead_safe_and_does_not_consume_rng (test_signature_skills.SignatureSkills.test_flinch_helper_is_bounded_dead_safe_and_does_not_consume_rng) ... ok
test_ground_target_interrupts_chain_and_dead_primary_can_still_anchor_it (test_signature_skills.SignatureSkills.test_ground_target_interrupts_chain_and_dead_primary_can_still_anchor_it) ... ok
test_immunity_is_zero_for_electric_ground_ghost_and_nonzero_resists_keep_floor (test_signature_skills.SignatureSkills.test_immunity_is_zero_for_electric_ground_ghost_and_nonzero_resists_keep_floor) ... ok
test_lightning_hops_from_previous_target_with_fractions_and_no_repeat (test_signature_skills.SignatureSkills.test_lightning_hops_from_previous_target_with_fractions_and_no_repeat) ... ok
test_new_signature_same_seed_and_rotated_side_swap_are_symmetric (test_signature_skills.SignatureSkills.test_new_signature_same_seed_and_rotated_side_swap_are_symmetric) ... ok
test_quake_each_neighbor_has_own_damage_immunity_and_control_gate (test_signature_skills.SignatureSkills.test_quake_each_neighbor_has_own_damage_immunity_and_control_gate) ... ok
test_quake_immune_primary_does_not_cancel_other_neighbors_and_status_switch_works (test_signature_skills.SignatureSkills.test_quake_immune_primary_does_not_cancel_other_neighbors_and_status_switch_works) ... ok
test_solar_full_allies_or_tiny_actual_damage_create_no_heal (test_signature_skills.SignatureSkills.test_solar_full_allies_or_tiny_actual_damage_create_no_heal) ... ok
test_solar_heals_lowest_fraction_nearby_including_self_and_clamps_overkill (test_signature_skills.SignatureSkills.test_solar_heals_lowest_fraction_nearby_including_self_and_clamps_overkill) ... ok
test_water_ray_has_one_cell_width_forward_boundary_and_two_side_limit (test_signature_skills.SignatureSkills.test_water_ray_has_one_cell_width_forward_boundary_and_two_side_limit) ... ok
test_water_resolves_sides_before_knockback_and_miss_has_no_effect (test_signature_skills.SignatureSkills.test_water_resolves_sides_before_knockback_and_miss_has_no_effect) ... ok
test_chain_side_hits_bind_to_cast_but_same_tick_new_attack_does_not (test_signature_timeline.SignatureTimelineContracts.test_chain_side_hits_bind_to_cast_but_same_tick_new_attack_does_not) ... ok
test_drain_updates_both_energy_bars_only_at_the_owned_cast_impact (test_signature_timeline.SignatureTimelineContracts.test_drain_updates_both_energy_bars_only_at_the_owned_cast_impact) ... ok
test_healing_fences_the_patients_previous_independent_action (test_signature_timeline.SignatureTimelineContracts.test_healing_fences_the_patients_previous_independent_action) ... ok
test_knockback_starts_on_hit_while_victim_is_still_recovering (test_signature_timeline.SignatureTimelineContracts.test_knockback_starts_on_hit_while_victim_is_still_recovering) ... ok
test_quake_side_hit_and_control_share_the_main_cast_impact (test_signature_timeline.SignatureTimelineContracts.test_quake_side_hit_and_control_share_the_main_cast_impact) ... ok
test_solar_third_party_healing_waits_for_impact_and_survives_rewind (test_signature_timeline.SignatureTimelineContracts.test_solar_third_party_healing_waits_for_impact_and_survives_rewind) ... ok
test_all_84_species_conserve_same_cost_budget_and_bounds (test_stat_budget.StatBudgetContracts.test_all_84_species_conserve_same_cost_budget_and_bounds) ... ok
test_invalid_mode_and_budget_fail_explicitly (test_stat_budget.StatBudgetContracts.test_invalid_mode_and_budget_fail_explicitly) ... ok
test_profile_hp_and_attack_interval_cannot_bypass_budget (test_stat_budget.StatBudgetContracts.test_profile_hp_and_attack_interval_cannot_bypass_budget) ... ok
test_total_bst_scaling_has_no_effect_and_speed_consumes_real_budget (test_stat_budget.StatBudgetContracts.test_total_bst_scaling_has_no_effect_and_speed_consumes_real_budget) ... ok
test_accuracy_miss_or_guard_dodge_consumes_the_one_protection (test_tactical_combat.GuardContracts.test_accuracy_miss_or_guard_dodge_consumes_the_one_protection) ... ok
test_blink_and_rotated_charge_keep_the_same_guard_semantics (test_tactical_combat.GuardContracts.test_blink_and_rotated_charge_keep_the_same_guard_semantics) ... ok
test_dead_or_nonadjacent_guard_never_consumes_the_marker (test_tactical_combat.GuardContracts.test_dead_or_nonadjacent_guard_never_consumes_the_marker) ... ok
test_guard_distance_cap_is_separate_from_ranged_attack_range (test_tactical_combat.GuardContracts.test_guard_distance_cap_is_separate_from_ranged_attack_range) ... ok
test_no_interception_on_failed_or_zero_displacement_or_ordinary_basic (test_tactical_combat.GuardContracts.test_no_interception_on_failed_or_zero_displacement_or_ordinary_basic) ... ok
test_primary_status_immunity_and_death_belong_to_the_guard (test_tactical_combat.GuardContracts.test_primary_status_immunity_and_death_belong_to_the_guard) ... ok
test_real_charge_redirects_once_and_keeps_target_lock_and_normal_range (test_tactical_combat.GuardContracts.test_real_charge_redirects_once_and_keeps_target_lock_and_normal_range) ... ok
test_surf_side_targets_anchor_to_final_guard_without_second_primary_energy (test_tactical_combat.GuardContracts.test_surf_side_targets_anchor_to_final_guard_without_second_primary_energy) ... ok
test_unselected_guard_does_not_take_over_when_chosen_guard_dies (test_tactical_combat.GuardContracts.test_unselected_guard_does_not_take_over_when_chosen_guard_dies) ... ok
test_base_events_and_rng_match_pre_tactics_golden_runs (test_tactical_combat.TacticalValidation.test_base_events_and_rng_match_pre_tactics_golden_runs) ... ok
test_ruleset_is_explicit_and_invalid_selections_are_rejected (test_tactical_combat.TacticalValidation.test_ruleset_is_explicit_and_invalid_selections_are_rejected) ... ok
test_selection_requires_learning_compatibility_and_deployment_adjacency (test_tactical_combat.TacticalValidation.test_selection_requires_learning_compatibility_and_deployment_adjacency) ... ok
test_dead_source_does_not_cast_or_relay_but_committed_request_survives_death (test_tactical_combat.WeatherContracts.test_dead_source_does_not_cast_or_relay_but_committed_request_survives_death) ... ok
test_identical_requests_share_a_window_and_later_one_takes_later_expiry (test_tactical_combat.WeatherContracts.test_identical_requests_share_a_window_and_later_one_takes_later_expiry) ... ok
test_later_opposing_weather_overwrites_then_restores_base_without_stack (test_tactical_combat.WeatherContracts.test_later_opposing_weather_overwrites_then_restores_base_without_stack) ... ok
test_missed_native_cast_requests_weather_but_dodge_is_not_a_settled_cast (test_tactical_combat.WeatherContracts.test_missed_native_cast_requests_weather_but_dodge_is_not_a_settled_cast) ... ok
test_request_is_after_native_cast_and_starts_next_tick (test_tactical_combat.WeatherContracts.test_request_is_after_native_cast_and_starts_next_tick) ... ok
test_rotated_side_swap_retains_complete_battle_outcome (test_tactical_combat.WeatherContracts.test_rotated_side_swap_retains_complete_battle_outcome) ... ok
test_run_collects_simultaneous_requests_before_the_next_tick (test_tactical_combat.WeatherContracts.test_run_collects_simultaneous_requests_before_the_next_tick) ... ok
test_same_tick_conflict_consumes_both_and_does_not_use_call_order (test_tactical_combat.WeatherContracts.test_same_tick_conflict_consumes_both_and_does_not_use_call_order) ... ok
test_weather_multiplier_is_shared_and_never_changes_neutral_basics (test_tactical_combat.WeatherContracts.test_weather_multiplier_is_shared_and_never_changes_neutral_basics) ... ok
test_guard_adjacent_preview_cancel_clear_and_move_invalidates (test_tactical_device.TacticalDeviceContracts.test_guard_adjacent_preview_cancel_clear_and_move_invalidates) ... ok
test_opening_traits_three_key_detail_learning_move_and_resume (test_tactical_device.TacticalDeviceContracts.test_opening_traits_three_key_detail_learning_move_and_resume) ... ok
test_pending_reward_resume_skip_and_stale_held_confirmation (test_tactical_device.TacticalDeviceContracts.test_pending_reward_resume_skip_and_stale_held_confirmation) ... ok
test_real_pve_reward_cancel_claim_learn_guard_and_fight (test_tactical_device.TacticalDeviceContracts.test_real_pve_reward_cancel_claim_learn_guard_and_fight) ... ok
test_stale_guard_target_and_spent_machine_cancel_before_commit (test_tactical_device.TacticalDeviceContracts.test_stale_guard_target_and_spent_machine_cancel_before_commit) ... ok
test_tactical_entry_cancel_preserves_classic_and_expedition (test_tactical_device.TacticalDeviceContracts.test_tactical_entry_cancel_preserves_classic_and_expedition) ... ok
test_tactical_screens_fit_native_canvas_and_retain_board (test_tactical_device.TacticalDeviceContracts.test_tactical_screens_fit_native_canvas_and_retain_board) ... ok
test_weather_learning_compatibility_deployment_choice_and_clear (test_tactical_device.TacticalDeviceContracts.test_weather_learning_compatibility_deployment_choice_and_clear) ... ok
test_opening_conflict_never_briefly_displays_either_override (test_tactical_presentation.OpeningWeatherPresentation.test_opening_conflict_never_briefly_displays_either_override) ... ok
test_opening_message_glyphs_have_real_pixels (test_tactical_presentation.OpeningWeatherPresentation.test_opening_message_glyphs_have_real_pixels) ... ok
test_opening_weather_precedes_cast_and_later_override_is_causal (test_tactical_presentation.OpeningWeatherPresentation.test_opening_weather_precedes_cast_and_later_override_is_causal) ... /Users/bytedance/luobata/PokeTactics/tools/mockups/render_battle_gif.py:169: DeprecationWarning: Image.Image.getdata is deprecated and will be removed in Pillow 14 (2027-10-15). Use get_flattened_data instead.
  floor.putdata([replacements.get(pixel, pixel) for pixel in floor.getdata()])
ok
test_dodge_still_shows_consumed_guard_without_inventing_damage (test_tactical_presentation.TacticalPresentation.test_dodge_still_shows_consumed_guard_without_inventing_damage) ... ok
test_guard_link_and_hp_arrive_with_the_actual_intercepted_cast (test_tactical_presentation.TacticalPresentation.test_guard_link_and_hp_arrive_with_the_actual_intercepted_cast) ... ok
test_guard_surf_is_one_impact_but_later_same_tick_basic_is_independent (test_tactical_presentation.TacticalPresentation.test_guard_surf_is_one_impact_but_later_same_tick_basic_is_independent) ... ok
test_same_tick_conflict_is_visible_after_both_requesting_impacts (test_tactical_presentation.TacticalPresentation.test_same_tick_conflict_is_visible_after_both_requesting_impacts) ... ok
test_weather_cannot_appear_before_its_cast_or_after_next_weather_damage (test_tactical_presentation.TacticalPresentation.test_weather_cannot_appear_before_its_cast_or_after_next_weather_damage) ... ok
test_weather_rewind_speed_and_skip_preserve_pixels_and_simulation (test_tactical_presentation.TacticalPresentation.test_weather_rewind_speed_and_skip_preserve_pixels_and_simulation) ... ok
test_weather_window_does_not_reveal_future_coverage_or_battle_end (test_tactical_presentation.TacticalPresentation.test_weather_window_does_not_reveal_future_coverage_or_battle_end) ... ok
test_base_modes_preserve_old_catalog_inventory_and_reject_tactical_commands (test_tactical_session.TacticalSessionContracts.test_base_modes_preserve_old_catalog_inventory_and_reject_tactical_commands) ... ok
test_frozen_opponent_teaching_and_tactics_used_after_live_board_changes (test_tactical_session.TacticalSessionContracts.test_frozen_opponent_teaching_and_tactics_used_after_live_board_changes) ... ok
test_frozen_options_atomic_claim_duplicate_restore_and_full_backup_rollback (test_tactical_session.TacticalSessionContracts.test_frozen_options_atomic_claim_duplicate_restore_and_full_backup_rollback) ... ok
test_guard_invalidated_by_move_sell_and_replacement_without_retargeting (test_tactical_session.TacticalSessionContracts.test_guard_invalidated_by_move_sell_and_replacement_without_retargeting) ... ok
test_real_reward_learning_guard_and_battle_preserve_machine_and_pool (test_tactical_session.TacticalSessionContracts.test_real_reward_learning_guard_and_battle_preserve_machine_and_pool) ... ok
test_real_schema3_fixture_replays_existing_commands_and_events_identically (test_tactical_session.TacticalSessionContracts.test_real_schema3_fixture_replays_existing_commands_and_events_identically) ... ok
test_schema4_rejects_mixed_rules_missing_snapshots_and_reward_replays (test_tactical_session.TacticalSessionContracts.test_schema4_rejects_mixed_rules_missing_snapshots_and_reward_replays) ... ok
test_skip_and_terminal_rewards_close_without_extra_inventory (test_tactical_session.TacticalSessionContracts.test_skip_and_terminal_rewards_close_without_extra_inventory) ... ok
test_unknown_fingerprint_backup_and_disk_do_not_fall_back_or_overwrite (test_tactical_session.TacticalSessionContracts.test_unknown_fingerprint_backup_and_disk_do_not_fall_back_or_overwrite) ... ok
test_weather_requires_compatible_learned_fielded_uid_and_saves (test_tactical_session.TacticalSessionContracts.test_weather_requires_compatible_learned_fielded_uid_and_saves) ... ok
test_duplicate_ids_bad_compatibility_counter_and_inventory_rejected (test_technique_inventory.TechniqueInventoryContracts.test_duplicate_ids_bad_compatibility_counter_and_inventory_rejected) ... ok
test_every_catalog_entry_has_real_compatibility_and_no_partner_requirement (test_technique_inventory.TechniqueInventoryContracts.test_every_catalog_entry_has_real_compatibility_and_no_partner_requirement) ... ok
test_frozen_opponent_teaching_is_used_even_when_source_changes (test_technique_inventory.TechniqueInventoryContracts.test_frozen_opponent_teaching_is_used_even_when_source_changes) ... ok
test_legacy_schema_2_loadout_migrates_once_without_duplication (test_technique_inventory.TechniqueInventoryContracts.test_legacy_schema_2_loadout_migrates_once_without_duplication) ... ok
test_merge_retains_first_identity_and_refunds_extra_learning (test_technique_inventory.TechniqueInventoryContracts.test_merge_retains_first_identity_and_refunds_extra_learning) ... ok
test_ordinary_pokemon_learning_replacement_and_sell_conserve_machines (test_technique_inventory.TechniqueInventoryContracts.test_ordinary_pokemon_learning_replacement_and_sell_conserve_machines) ... ok
test_pve_machine_drop_survives_settlement_resume_without_reaward (test_technique_inventory.TechniqueInventoryContracts.test_pve_machine_drop_survives_settlement_resume_without_reaward) ... ok
test_stale_or_failed_commit_does_not_consume_machine (test_technique_inventory.TechniqueInventoryContracts.test_stale_or_failed_commit_does_not_consume_machine) ... ok
test_uid_survives_bench_compaction_move_and_process_restart (test_technique_inventory.TechniqueInventoryContracts.test_uid_survives_bench_compaction_move_and_process_restart) ... ok
test_evolution_unlocks_trait_only_on_deployment_and_keeps_learning (test_weather_abilities.OpeningSessionContracts.test_evolution_unlocks_trait_only_on_deployment_and_keeps_learning) ... ok
test_forecast_tracks_deployed_sources_and_teaching_is_separate (test_weather_abilities.OpeningSessionContracts.test_forecast_tracks_deployed_sources_and_teaching_is_separate) ... ok
test_old_fingerprint_cannot_enable_new_traits (test_weather_abilities.OpeningSessionContracts.test_old_fingerprint_cannot_enable_new_traits) ... ok
test_real_tactics_v1_schema4_save_replays_identically_without_traits (test_weather_abilities.OpeningSessionContracts.test_real_tactics_v1_schema4_save_replays_identically_without_traits) ... ok
test_resume_rebuilds_traits_for_frozen_opponent_and_preserves_battle_events (test_weather_abilities.OpeningSessionContracts.test_resume_rebuilds_traits_for_frozen_opponent_and_preserves_battle_events) ... ok
test_catalog_is_fixed_species_current_version_and_returns_fresh_data (test_weather_abilities.OpeningWeatherContracts.test_catalog_is_fixed_species_current_version_and_returns_fresh_data) ... ok
test_each_species_triggers_without_partner_learning_or_configuration (test_weather_abilities.OpeningWeatherContracts.test_each_species_triggers_without_partner_learning_or_configuration) ... ok
test_native_teaching_cast_can_override_opening_weather_and_does_not_rewind_it (test_weather_abilities.OpeningWeatherContracts.test_native_teaching_cast_can_override_opening_weather_and_does_not_rewind_it) ... ok
test_opening_conflict_consumes_traits_but_leaves_later_teaching_available (test_weather_abilities.OpeningWeatherContracts.test_opening_conflict_consumes_traits_but_leaves_later_teaching_available) ... ok
test_opposite_weather_is_symmetric_and_same_team_can_conflict (test_weather_abilities.OpeningWeatherContracts.test_opposite_weather_is_symmetric_and_same_team_can_conflict) ... ok
test_own_teaching_is_independent_and_can_extend_its_weather_window (test_weather_abilities.OpeningWeatherContracts.test_own_teaching_is_independent_and_can_extend_its_weather_window) ... ok
test_same_weather_duplicates_across_teams_never_stack_and_expire_to_base (test_weather_abilities.OpeningWeatherContracts.test_same_weather_duplicates_across_teams_never_stack_and_expire_to_base) ... ok
test_shared_sun_changes_both_sides_native_fire_damage_before_first_cast (test_weather_abilities.OpeningWeatherContracts.test_shared_sun_changes_both_sides_native_fire_damage_before_first_cast) ... ok
test_trait_dispatch_never_draws_rng_or_changes_unrelated_teams (test_weather_abilities.OpeningWeatherContracts.test_trait_dispatch_never_draws_rng_or_changes_unrelated_teams) ... ok
test_weather_survives_source_death_and_cannot_retrigger (test_weather_abilities.OpeningWeatherContracts.test_weather_survives_source_death_and_cannot_retrigger) ... ok

----------------------------------------------------------------------
Ran 369 tests in 45.597s

OK
[PASSED] unit_tests

[RUN] compile: /Users/bytedance/.pyenv/versions/3.12.0/bin/python3 -m compileall -q sim tools tests esp32_runtime
[PASSED] compile

[RUN] diff_check: git diff --check
[PASSED] diff_check

[RUN] persistence_restart: /Users/bytedance/.pyenv/versions/3.12.0/bin/python3 tools/acceptance/persistence_selftest.py
{
  "status": "passed",
  "checks": [
    "real_process_restart",
    "no_duplicate_income",
    "grid_shop_inventory",
    "export_inspect_import",
    "corrupt_import_preserves_current",
    "restore_preimport_checkpoint",
    "first_import"
  ],
  "backup_bytes": 10972,
  "storage": "temporary_directory"
}
[PASSED] persistence_restart

[RUN] animation_samples: /Users/bytedance/.pyenv/versions/3.12.0/bin/python3 tools/mockups/animation_showcase.py --out .build/animation-b
{"out": "/Users/bytedance/luobata/PokeTactics/.build/animation-b", "clips": 16, "frame_ms_p95": 6.008}
[PASSED] animation_samples

[RUN] art_export: /Users/bytedance/.pyenv/versions/3.12.0/bin/python3 tools/mockups/art_manifest.py --output .build/animation-b/art-manifest.json
{"output": ".build/animation-b/art-manifest.json", "revision": "c5ffb46d51598f55d4de13833a1ab290619a085cafca257905e65b7b49d77524", "resource_bytes": 137171, "coverage": {"roster_species": 84, "atlas_species": 151, "layered_core_visual_species": [3, 6, 9, 26, 65, 76, 94, 143], "part_rig_species": [3, 6, 9], "planned_part_rig_species": [26, 65, 76, 94, 143], "authored_motion_species": 16, "authored_skill_visual_species": 16, "gameplay_signature_species": 8, "gameplay_generic_species": 76, "no_cast_species": []}}
[PASSED] art_export

[RUN] art_verify: /Users/bytedance/.pyenv/versions/3.12.0/bin/python3 tools/mockups/art_manifest.py --verify .build/animation-b/art-manifest.json
PASS .build/animation-b/art-manifest.json
[PASSED] art_verify

[RUN] demo: /Users/bytedance/.pyenv/versions/3.12.0/bin/python3 tools/acceptance/demo_selftest.py --seeds 7,42
自起临时验收后台：http://127.0.0.1:61810（pid 40510）
== Web Demo 整局自测（种子 [7, 42]，操作流种子 20260914）==
  seed=7     轮数=31  名次=8  玩家战斗=12场/2866帧 进化=0 合成=1 装备=0 操作ok=88 被拒=14 金币校验=35 耗时=27.3s
  seed=42    轮数=31  名次=8  玩家战斗=13场/3417帧 进化=0 合成=1 装备=0 操作ok=79 被拒=25 金币校验=35 耗时=33.3s
== 全部通过（60.6s）｜HTTP 状态分布 {200: 728} ==
[PASSED] demo

[RUN] device_controls: /Users/bytedance/.pyenv/versions/3.12.0/bin/python3 tools/acceptance/device_selftest.py
{
  "status": "passed",
  "seed": 7,
  "frames": 83,
  "checks": [
    "real_frame_png",
    "automatic_playback_completion",
    "next_without_resume",
    "single_sequence_increment",
    "duplicate_release_no_commit"
  ],
  "round": 2,
  "player_battles": 1,
  "storage": "temporary_directory"
}
[PASSED] device_controls

Selected checks: passed; JSON: /Users/bytedance/luobata/PokeTactics/.build/entry-weather/acceptance.json
