== R1 档案靶场（20 局/格，种子 31+）==
  [PASS] 开关闸门（关闭时技能全静默，历史基线可复现）：skill_of 恒 None
  [PASS] 建档生效（三主角事件流有差异）：有差异
  [PASS] 技能全池覆盖（动态棋子池 + 6 通用原语在用）：覆盖 84/84，分配 {('generic', 'double_strike'): 20, ('generic', 'heavy_blow'): 26, ('signature', 'solar_siphon'): 1, ('signature', 'splash'): 1, ('signature', 'line_push'): 1, ('generic', 'charge'): 16, ('generic', 'volley_shot'): 10, ('signature', 'chain_lightning'): 1, ('generic', 'mend'): 2, ('signature', 'blink_strike'): 1, ('generic', 'bulwark'): 2, ('signature', 'quake_break'): 1, ('signature', 'energy_drain'): 1, ('signature', 'slam_heal'): 1}
  [PASS] 全池逐物种满能可施法：施法 84/84；未施法 []
  [PASS] 通用原语全部真实触发（80 场）：触发计数 {'charge': 22, 'bulwark': 7, 'volley_shot': 38, 'double_strike': 53, 'heavy_blow': 56, 'mend': 14}

  角色×靶场读数（超时=平局单列）：
    喷火龙 vs 木桩: 胜 100% 平 0%  施法率 100% 场均 2.0  首招中位 4.8s  签名 {'溅射': 5}
    喷火龙 vs 近战群: 胜 100% 平 0%  施法率 95% 场均 0.9  首招中位 4.8s  签名 {'溅射': 1}
    喷火龙 vs 远程群: 胜 80% 平 0%  施法率 100% 场均 1.4  首招中位 4.8s  签名 {'溅射': 3}
    胡地 vs 木桩: 胜 75% 平 0%  施法率 80% 场均 1.3  首招中位 4.9s  签名 {'闪现': 26}
    胡地 vs 近战群: 胜 95% 平 0%  施法率 75% 场均 0.8  首招中位 5.4s  签名 {'闪现': 14}
    胡地 vs 远程群: 胜 75% 平 0%  施法率 100% 场均 1.1  首招中位 4.2s  签名 {'闪现': 21}
    卡比兽 vs 木桩: 胜 0% 平 0%  施法率 95% 场均 1.1  首招中位 9.2s  签名 {'压顶自愈': 18}
    卡比兽 vs 近战群: 胜 90% 平 0%  施法率 90% 场均 0.9  首招中位 9.2s  签名 {'压顶自愈': 15}
    卡比兽 vs 远程群: 胜 85% 平 0%  施法率 100% 场均 1.6  首招中位 8.6s  签名 {'压顶自愈': 29}
  [PASS] 签名触发（至少一格读到签名原语）：{'喷火龙': {'溅射': 3}, '胡地': {'闪现': 21}, '卡比兽': {'压顶自愈': 29}}
  [PASS] 首招时间 ≤13s（R2 新节奏口径；能量链未被档案破坏）：全部达标
  [PASS] 三靶合计施法率 ≥35%（单格速胜局不计）：喷火龙 98% 胡地 85% 卡比兽 95%
  [记录] 靶场胜负基线（R2 配平输入）：喷火龙vs木桩 100%  喷火龙vs近战群 100%  喷火龙vs远程群 80%  胡地vs木桩 75%  胡地vs近战群 95%  胡地vs远程群 75%  卡比兽vs木桩 0%  卡比兽vs近战群 90%  卡比兽vs远程群 85%

结论：8/8 项通过
