R1 CONTRACTS {"samples": {"energy": "new attack/cast + legacy fallback + rewind", "clock": {"windows": [1.0, 2.0], "speeds": [1, 2, 4], "duration": 0.35, "rate": 0.3}, "projectile_colors": [[184, 72, 64], [242, 232, 201]], "projectile": "launch / inverse speed / death cancellation", "solid_star_bounds": [{"sprite_px": 32, "solid_px": 23, "limit_px": 24, "light_medium_heavy_px": [19, 21, 23]}, {"sprite_px": 34, "solid_px": 25, "limit_px": 25, "light_medium_heavy_px": [21, 23, 25]}], "attack_impact": {"rim_circles": 2, "star_contours": 1, "ring_alpha": 255, "ring_width_px": 1, "sparks": 6, "stroke_widths_px": [3, 1]}, "particle_budgets": [[0, 0], [1, 1], [8, 8], [192, 192]], "opaque_body_fx_overlap_pixels": 0, "opaque_body_fx_overlap_frames": 36, "peak_sampled_fx_particles": 16, "gait": [{"species": 6, "two_pose_diff_pixels": 257, "floating": true, "period": 0.24}, {"species": 65, "two_pose_diff_pixels": 179, "floating": true, "period": 0.24}, {"species": 143, "two_pose_diff_pixels": 339, "floating": false, "period": 0.8}, {"species": 76, "two_pose_diff_pixels": 414, "floating": false, "period": 0.5333333333333333}]}, "failures": [], "passed": true}
seed=7 t= 0.0 board1x=53955 board2x=215820 display1x=53955 PASS opening:0
seed=7 t= 0.1 board1x=43811 board2x=175244 display1x=43830 PASS opening:1
seed=7 t= 0.2 board1x=43885 board2x=175540 display1x=43899 PASS opening:2
seed=7 t= 0.3 board1x= 4121 board2x= 16484 display1x= 4130 PASS opening:3
seed=7 t= 0.4 board1x=14848 board2x= 59392 display1x=14869 PASS attack:8>0:0,attack:9>3:0,attack:3>9:0,damage-number
  isolated attack 8>0: 844px / 3376px (1x / 2x)
  isolated attack 9>3: 763px / 3052px (1x / 2x)
  isolated attack 3>9: 844px / 3376px (1x / 2x)
seed=7 t= 0.5 board1x= 7440 board2x= 29760 display1x= 7461 PASS attack:4>5:0,attack:8>0:1,attack:9>3:1,attack:3>9:1,damage-number
  isolated attack 4>5: 778px / 3112px (1x / 2x)
seed=7 t= 0.6 board1x= 8366 board2x= 33464 display1x= 8380 PASS attack:4>5:1,attack:8>0:2,attack:9>3:2,attack:0>5:0,attack:3>9:2,damage-number
  isolated attack 0>5: 850px / 3400px (1x / 2x)
seed=7 t= 0.7 board1x= 8044 board2x= 32176 display1x= 8062 PASS attack:1>5:0,attack:4>5:2,attack:6>2:0,attack:0>5:1,damage-number
  isolated attack 1>5: 798px / 3192px (1x / 2x)
  isolated attack 6>2: 661px / 2644px (1x / 2x)
seed=7 t= 0.8 board1x= 6135 board2x= 24540 display1x= 6151 PASS attack:1>5:1,attack:6>2:1,attack:0>5:2,damage-number
seed=7 t= 0.9 board1x= 5524 board2x= 22096 display1x= 5530 PASS attack:1>5:2,attack:6>2:2,attack:7>2:0,damage-number
  isolated attack 7>2: 698px / 2792px (1x / 2x)
seed=7 t= 1.0 board1x= 6113 board2x= 24452 display1x= 6142 PASS attack:7>2:1,attack:5>0:0,damage-number
  isolated attack 5>0: 900px / 3600px (1x / 2x)
seed=7 t= 1.1 board1x= 6064 board2x= 24256 display1x= 6083 PASS attack:7>2:2,attack:5>0:1,damage-number
seed=7 t= 1.2 board1x= 6580 board2x= 26320 display1x= 6594 PASS attack:5>0:2,attack:8>0:0,damage-number
  isolated attack 8>0: 844px / 3376px (1x / 2x)
seed=7 t= 1.3 board1x= 8189 board2x= 32756 display1x= 8198 PASS attack:2>6:0,attack:6>2:0,attack:8>0:1,damage-number
  isolated attack 2>6: 727px / 2908px (1x / 2x)
  isolated attack 6>2: 704px / 2816px (1x / 2x)
seed=7 t= 1.4 board1x= 9301 board2x= 37204 display1x= 9322 PASS attack:2>6:1,attack:6>2:1,attack:7>2:0,attack:8>0:2,attack:4>5:0,attack:0>5:0,damage-number
  isolated attack 7>2: 710px / 2840px (1x / 2x)
  isolated attack 4>5: 769px / 3076px (1x / 2x)
  isolated attack 0>5: 850px / 3400px (1x / 2x)
seed=7 t= 1.5 board1x=54920 board2x=219680 display1x=54941 PASS attack:2>6:2,attack:6>2:2,attack:7>2:1,attack:1>5:0,attack:4>5:1,attack:0>5:1,attack:9>3:0,attack:3>9:0,death:0:0,death:2:0,damage-number
  isolated attack 1>5: 782px / 3128px (1x / 2x)
  isolated attack 9>3: 812px / 3248px (1x / 2x)
  isolated attack 3>9: 844px / 3376px (1x / 2x)
seed=7 t= 1.6 board1x=54896 board2x=219584 display1x=54910 PASS attack:7>2:2,attack:1>5:1,attack:4>5:2,attack:0>5:2,attack:9>3:1,attack:3>9:1,death:0:1,death:2:1,damage-number
seed=7 t= 1.7 board1x= 8390 board2x= 33560 display1x= 8408 PASS attack:1>5:2,attack:9>3:2,attack:3>9:2,death:0:2,death:2:2,damage-number
seed=7 t= 1.8 board1x= 5993 board2x= 23972 display1x= 6009 PASS death:0:3,death:2:3,damage-number
seed=7 t= 1.9 board1x= 5444 board2x= 21776 display1x= 5450 PASS damage-number
seed=7 t= 2.0 board1x= 5080 board2x= 20320 display1x= 5104 PASS damage-number
seed=7 t= 2.1 board1x= 4853 board2x= 19412 display1x= 4872 PASS damage-number
seed=7 t= 2.2 board1x= 5006 board2x= 20024 display1x= 5020 PASS damage-number
seed=7 t= 2.3 board1x= 3795 board2x= 15180 display1x= 3804 PASS damage-number
seed=7 t= 2.4 board1x= 6305 board2x= 25220 display1x= 6326 PASS attack:1>5:0,attack:4>5:0,attack:8>3:0,damage-number
  isolated attack 1>5: 782px / 3128px (1x / 2x)
  isolated attack 4>5: 774px / 3096px (1x / 2x)
  isolated attack 8>3: 850px / 3400px (1x / 2x)
seed=7 t= 2.5 board1x= 5770 board2x= 23080 display1x= 5791 PASS attack:1>5:1,attack:4>5:1,attack:8>3:1,damage-number
seed=7 t= 2.6 board1x= 6429 board2x= 25716 display1x= 6443 PASS attack:1>5:2,attack:4>5:2,attack:8>3:2,attack:9>3:0,attack:3>9:0,damage-number
  isolated attack 9>3: 758px / 3032px (1x / 2x)
  isolated attack 3>9: 839px / 3356px (1x / 2x)
seed=7 t= 2.7 board1x=55452 board2x=221808 display1x=55470 PASS attack:7>3:0,attack:6>3:0,attack:9>3:1,attack:3>9:1,death:3:0,damage-number
  isolated attack 7>3: 797px / 3188px (1x / 2x)
  isolated attack 6>3: 806px / 3224px (1x / 2x)
seed=7 t= 2.8 board1x=55452 board2x=221808 display1x=55468 PASS attack:7>3:1,attack:6>3:1,attack:9>3:2,attack:5>1:0,attack:3>9:2,death:3:1,death:5:0,damage-number
  isolated attack 5>1: 791px / 3164px (1x / 2x)
seed=7 t= 2.9 board1x= 7526 board2x= 30104 display1x= 7532 PASS attack:7>3:2,attack:6>3:2,attack:5>1:1,death:3:2,death:5:1,damage-number
seed=7 t= 3.0 board1x= 5666 board2x= 22664 display1x= 5685 PASS attack:5>1:2,death:3:3,death:5:2,damage-number
seed=7 t= 3.1 board1x= 6213 board2x= 24852 display1x= 6232 PASS death:5:3,damage-number
seed=7 t= 3.2 board1x= 5160 board2x= 20640 display1x= 5174 PASS damage-number
seed=7 t= 3.3 board1x= 4583 board2x= 18332 display1x= 4592 PASS damage-number
seed=7 t= 3.4 board1x= 7273 board2x= 29092 display1x= 7294 PASS attack:4>8:0,damage-number
  isolated attack 4>8: 784px / 3136px (1x / 2x)
seed=7 t= 3.5 board1x= 5578 board2x= 22312 display1x= 5599 PASS attack:4>8:1,damage-number
seed=7 t= 3.6 board1x= 5833 board2x= 23332 display1x= 5847 PASS attack:4>8:2,attack:8>1:0,damage-number
  isolated attack 8>1: 727px / 2908px (1x / 2x)
seed=7 t= 3.7 board1x= 5663 board2x= 22652 display1x= 5681 PASS attack:8>1:1,damage-number
seed=7 t= 3.8 board1x= 2977 board2x= 11908 display1x= 2993 PASS attack:8>1:2,damage-number
seed=7 t= 3.9 board1x= 5732 board2x= 22928 display1x= 5738 PASS damage-number
seed=7 t= 4.0 board1x= 5207 board2x= 20828 display1x= 5238 PASS full:1,damage-number
seed=7 t= 4.1 board1x= 3288 board2x= 13152 display1x= 3307 PASS full:1,full:8,damage-number
seed=7 t= 4.2 board1x= 3809 board2x= 15236 display1x= 3823 PASS attack:1>8:0,full:1,damage-number
  isolated attack 1>8: 808px / 3232px (1x / 2x)
seed=7 t= 4.3 board1x= 2991 board2x= 11964 display1x= 3000 PASS attack:1>8:1,full:1,damage-number
seed=7 t= 4.4 board1x= 6675 board2x= 26700 display1x= 6696 PASS attack:1>8:2,attack:9>1:0,attack:4>8:0,attack:8>1:0,full:1,damage-number
  isolated attack 9>1: 654px / 2616px (1x / 2x)
  isolated attack 4>8: 784px / 3136px (1x / 2x)
  isolated attack 8>1: 725px / 2900px (1x / 2x)
seed=7 t= 4.5 board1x= 5224 board2x= 20896 display1x= 5245 PASS attack:9>1:1,attack:4>8:1,attack:8>1:1,full:1,damage-number
seed=7 t= 4.6 board1x= 3821 board2x= 15284 display1x= 3835 PASS attack:9>1:2,attack:4>8:2,attack:8>1:2,full:1,full:8,damage-number
seed=7 t= 4.7 board1x= 3003 board2x= 12012 display1x= 3021 PASS full:1,full:8,damage-number
seed=7 t= 4.8 board1x= 1099 board2x=  4396 display1x= 1115 PASS full:1,full:8,damage-number
seed=7 t= 4.9 board1x= 3553 board2x= 14212 display1x= 3559 PASS full:1,full:8,damage-number
seed=7 t= 5.0 board1x= 3915 board2x= 15660 display1x= 3946 PASS full:1,full:8,damage-number
seed=7 t= 5.1 board1x= 4076 board2x= 16304 display1x= 4095 PASS attack:1>8:0,full:1,full:4,full:8,damage-number
  isolated attack 1>8: 806px / 3224px (1x / 2x)
seed=7 t= 5.2 board1x= 4786 board2x= 19144 display1x= 4800 PASS attack:1>8:1,attack:8>1:0,full:1,full:4,full:8,damage-number
  isolated attack 8>1: 725px / 2900px (1x / 2x)
seed=7 t= 5.3 board1x= 4527 board2x= 18108 display1x= 4536 PASS attack:1>8:2,attack:8>1:1,full:1,full:4,full:7,full:8,damage-number
seed=7 t= 5.4 board1x= 4300 board2x= 17200 display1x= 4321 PASS attack:8>1:2,attack:4>8:0,full:1,full:4,full:7,full:8,damage-number
  isolated attack 4>8: 784px / 3136px (1x / 2x)
seed=7 t= 5.5 board1x= 5072 board2x= 20288 display1x= 5093 PASS attack:9>1:0,attack:4>8:1,charge:1,full:4,full:7,death:8:0,full:9,damage-number
  isolated attack 9>1: 654px / 2616px (1x / 2x)
seed=7 t= 5.6 board1x= 4338 board2x= 17352 display1x= 4352 PASS [cutin-covered] attack:9>1:1,attack:4>8:2,charge:1,full:4,full:7,death:8:1,full:9,damage-number
seed=7 t= 5.7 board1x= 4036 board2x= 16144 display1x= 4054 PASS [cutin-covered] attack:9>1:2,charge:1,full:4,full:7,death:8:2,full:9,damage-number
seed=7 t= 5.8 board1x= 2545 board2x= 10180 display1x= 3453 PASS [cutin-covered] charge:1,full:4,full:7,death:8:3,full:9,damage-number
seed=7 t= 5.9 board1x=57236 board2x=228944 display1x=58134 PASS [cutin-covered] land:1>8:0,death:1:0,full:4,charge:7,full:9,shake:+2,damage-number
seed=7 t= 6.0 board1x=57294 board2x=229176 display1x=57318 PASS [cutin-covered] land:1>8:1,death:1:1,full:4,charge:7,full:9,shake:-2,damage-number
  isolated land 1>8: 57600px / 230400px (1x / 2x)
seed=7 t= 6.1 board1x=12690 board2x= 50760 display1x=12709 PASS [cutin-covered] land:1>8:2,death:1:2,charge:4,death:7:0,full:9,damage-number
seed=7 t= 6.2 board1x= 5161 board2x= 20644 display1x= 5175 PASS [cutin-covered] attack:1>9:0,land:1>8:3,death:1:3,charge:4,death:7:1,full:9,damage-number
  isolated attack 1>9: 752px / 3008px (1x / 2x)
seed=7 t= 6.3 board1x=57283 board2x=229132 display1x=57292 PASS [cutin-covered] attack:1>9:1,land:1>8:4,land:7>1:0,charge:4,death:7:2,full:9,shake:+2,damage-number
seed=7 t= 6.4 board1x=57427 board2x=229708 display1x=57978 PASS [cutin-covered] attack:1>9:2,land:1>8:5,land:7>1:1,charge:4,death:7:3,full:9,shake:-2,damage-number
  isolated land 7>1: 57600px / 230400px (1x / 2x)
seed=7 t= 6.5 board1x=57392 board2x=229568 display1x=57413 PASS [cutin-covered] land:7>1:2,land:4>7:0,charge:4,full:9,shake:+2,damage-number
seed=7 t= 6.6 board1x=57424 board2x=229696 display1x=57454 PASS land:7>1:3,land:4>7:1,full:9,shake:-2,damage-number
  isolated land 4>7: 57600px / 230400px (1x / 2x)
seed=7 t= 6.7 board1x=12844 board2x= 51376 display1x=12862 PASS land:7>1:4,land:4>7:2,full:9,damage-number
seed=7 t= 6.8 board1x= 5014 board2x= 20056 display1x= 5046 PASS land:7>1:5,land:4>7:3,full:9,damage-number
seed=7 t= 6.9 board1x= 6354 board2x= 25416 display1x= 6360 PASS land:4>7:4,full:9,damage-number
seed=7 t= 7.0 board1x= 4579 board2x= 18316 display1x= 4607 PASS land:4>7:5,full:9,damage-number
seed=7 t= 7.1 board1x= 4302 board2x= 17208 display1x= 4337 PASS attack:9>4:0,full:9,damage-number
  isolated attack 9>4: 656px / 2624px (1x / 2x)
seed=7 t= 7.2 board1x= 3197 board2x= 12788 display1x= 3211 PASS attack:9>4:1,full:9,damage-number
seed=7 t= 7.3 board1x= 2859 board2x= 11436 display1x= 2884 PASS attack:9>4:2,full:9,damage-number
seed=7 t= 7.4 board1x= 1982 board2x=  7928 display1x= 2003 PASS full:9,damage-number
seed=7 t= 7.5 board1x=  516 board2x=  2064 display1x=  537 PASS full:9,damage-number
seed=7 t= 7.6 board1x= 2136 board2x=  8544 display1x= 2166 PASS attack:4>6:0,full:9,damage-number
  isolated attack 4>6: 808px / 3232px (1x / 2x)
seed=7 t= 7.7 board1x= 2109 board2x=  8436 display1x= 2127 PASS attack:4>6:1,full:9,damage-number
seed=7 t= 7.8 board1x= 2383 board2x=  9532 display1x= 2945 PASS attack:4>6:2,charge:9,damage-number
seed=7 t= 7.9 board1x= 1753 board2x=  7012 display1x= 1759 PASS [cutin-covered] charge:9,damage-number
seed=7 t= 8.0 board1x= 2094 board2x=  8376 display1x= 2120 PASS [cutin-covered] attack:6>4:0,charge:9,damage-number
  isolated attack 6>4: 689px / 2756px (1x / 2x)
seed=7 t= 8.1 board1x= 1986 board2x=  7944 display1x= 2966 PASS [cutin-covered] attack:6>4:1,full:6,charge:9,damage-number
seed=7 t= 8.2 board1x=57297 board2x=229188 display1x=57311 PASS [cutin-covered] attack:6>4:2,land:9>4:0,full:6,charge:9,shake:+2,damage-number
seed=7 t= 8.3 board1x=57459 board2x=229836 display1x=66339 PASS land:9>4:1,full:6,shake:-2,damage-number
  isolated land 9>4: 57600px / 230400px (1x / 2x)
seed=7 t= 8.4 board1x=11158 board2x= 44632 display1x=13918 PASS land:9>4:2,full:6,damage-number
seed=7 t= 8.5 board1x= 2980 board2x= 11920 display1x=62865 PASS land:9>4:3,full:6,damage-number
seed=7 t= 8.6 board1x= 3316 board2x= 13264 display1x= 3346 PASS attack:4>6:0,land:9>4:4,full:6,damage-number
  isolated attack 4>6: 813px / 3252px (1x / 2x)
seed=7 t= 8.7 board1x= 4629 board2x= 18516 display1x= 4647 PASS attack:6>4:0,attack:4>6:1,land:9>4:5,full:6,damage-number
  isolated attack 6>4: 682px / 2728px (1x / 2x)
seed=7 t= 8.8 board1x= 4930 board2x= 19720 display1x= 4962 PASS attack:6>4:1,attack:4>6:2,full:6,damage-number
seed=7 t= 8.9 board1x= 4368 board2x= 17472 display1x= 4374 PASS attack:6>4:2,full:6,damage-number
seed=7 t= 9.0 board1x= 2889 board2x= 11556 display1x= 2905 PASS full:6,damage-number
seed=7 t= 9.1 board1x= 2034 board2x=  8136 display1x= 2069 PASS full:6,damage-number
seed=7 t= 9.2 board1x= 1791 board2x=  7164 display1x= 1805 PASS full:6,damage-number
seed=7 t= 9.3 board1x= 2583 board2x= 10332 display1x= 2608 PASS attack:9>4:0,full:6,damage-number
  isolated attack 9>4: 663px / 2652px (1x / 2x)
seed=7 t= 9.4 board1x= 2880 board2x= 11520 display1x= 3846 PASS attack:6>4:0,attack:9>4:1,death:4:0,charge:6,damage-number
  isolated attack 6>4: 682px / 2728px (1x / 2x)
seed=7 t= 9.5 board1x= 2502 board2x= 10008 display1x= 2523 PASS [cutin-covered] attack:6>4:1,attack:9>4:2,death:4:1,charge:6,damage-number
seed=7 t= 9.6 board1x= 3153 board2x= 12612 display1x= 4060 PASS [cutin-covered] attack:6>4:2,attack:4>6:0,death:4:2,charge:6,damage-number
  isolated attack 4>6: 813px / 3252px (1x / 2x)
seed=7 t= 9.7 board1x=57233 board2x=228932 display1x=57251 PASS [cutin-covered] attack:4>6:1,land:6>4:0,death:4:3,charge:6,shake:+2,damage-number
seed=7 t= 9.8 board1x=57469 board2x=229876 display1x=57501 PASS attack:4>6:2,land:6>4:1,shake:-2,damage-number
  isolated land 6>4: 57600px / 230400px (1x / 2x)
seed=7 t= 9.9 board1x=11530 board2x= 46120 display1x=11536 PASS land:6>4:2,damage-number
seed=7 t=10.0 board1x= 3442 board2x= 13768 display1x= 3481 PASS land:6>4:3,damage-number
seed=7 t=10.1 board1x= 2374 board2x=  9496 display1x= 2409 PASS land:6>4:4,damage-number
seed=7 t=10.2 board1x= 2107 board2x=  8428 display1x= 2121 PASS land:6>4:5,damage-number
seed=7 t=10.3 board1x= 2409 board2x=  9636 display1x= 2434 PASS damage-number
seed=7 t=10.4 board1x=  808 board2x=  3232 display1x= 1608 PASS damage-number
seed=7 t=10.5 board1x=  517 board2x=  2068 display1x=  538 PASS damage-number
SUMMARY seed=7: {"opening": {"frames": 4, "min_1x": 4121, "max_1x": 53955, "isolated_min_1x": 53955}, "attack": {"frames": 60, "min_1x": 1986, "max_1x": 57469, "isolated_min_1x": 643}, "land": {"frames": 24, "min_1x": 2107, "max_1x": 57469, "isolated_min_1x": 57600}, "board_crowding": {"max_overlap_px": 0, "limit_px": 4, "checked_pairs": 442}, "meter_occlusion": {"checked_units": 609, "obscured_frames": 0, "max_consecutive_frames": 0, "limit_frames": 2}, "palette_purity": {"species_checked": 84, "sprites_checked": 588, "squash_phases": 7, "visible_pixels": 279865, "off_palette_pixels": 0, "partial_alpha_pixels": 0, "unquantized_box_off_palette_pixels": 233}, "scale_compare": {"species": 6, "source_px": 56, "samples": [{"size_px": 28, "zoom": 1, "diff_pixels": 0}, {"size_px": 28, "zoom": 4, "diff_pixels": 0}, {"size_px": 34, "zoom": 1, "diff_pixels": 0}, {"size_px": 34, "zoom": 4, "diff_pixels": 0}, {"size_px": 56, "zoom": 1, "diff_pixels": 0}, {"size_px": 56, "zoom": 4, "diff_pixels": 0}]}, "weather": {"samples": [{"weather": "rain", "frames": 51, "min_1x": 30043, "visual_only_min_1x": 29940, "threshold_1x": 1200, "off_palette_pixels": 0, "particles_per_frame": 8, "max_overlap_px": 0, "meter_checks": 455, "max_meter_occlusion_frames": 0}, {"weather": "sun", "frames": 80, "min_1x": 30500, "visual_only_min_1x": 29713, "threshold_1x": 1200, "off_palette_pixels": 0, "particles_per_frame": 8, "max_overlap_px": 0, "meter_checks": 626, "max_meter_occlusion_frames": 0}, {"weather": "sand", "frames": 118, "min_1x": 30071, "visual_only_min_1x": 29979, "threshold_1x": 1200, "off_palette_pixels": 0, "particles_per_frame": 8, "max_overlap_px": 0, "meter_checks": 855, "max_meter_occlusion_frames": 0}, {"weather": "hail", "frames": 53, "min_1x": 29966, "visual_only_min_1x": 29966, "threshold_1x": 1200, "off_palette_pixels": 0, "particles_per_frame": 8, "max_overlap_px": 0, "meter_checks": 477, "max_meter_occlusion_frames": 0}]}, "status": {"apply_events": 4, "checked_unit_frames": 12, "samples": [{"t": 0.1, "unit": 7, "kinds": ["flinch"], "icon_pixels": 7, "bounds": [217, 131, 223, 137]}, {"t": 2.4, "unit": 5, "kinds": ["flinch"], "icon_pixels": 7, "bounds": [177, 211, 183, 217]}, {"t": 3.1, "unit": 9, "kinds": ["flinch"], "icon_pixels": 7, "bounds": [177, 171, 183, 177]}, {"t": 3.6, "unit": 4, "kinds": ["flinch"], "icon_pixels": 7, "bounds": [217, 171, 223, 177]}], "max_overlap_px": 0, "max_meter_occlusion_frames": 0}, "status_contracts": {"kinds": ["burn", "poison", "paralysis", "freeze", "sleep", "flinch"], "frozen_frames": 4, "dot_numbers": 2, "palette_variants": 14}}
PASS seed=7: 0 failures, 21.862s
seed=11 t= 0.0 board1x=54198 board2x=216792 display1x=54198 PASS opening:0
seed=11 t= 0.1 board1x=43347 board2x=173388 display1x=43366 PASS opening:1
seed=11 t= 0.2 board1x=43447 board2x=173788 display1x=43461 PASS opening:2
seed=11 t= 0.3 board1x= 6064 board2x= 24256 display1x= 6073 PASS opening:3
seed=11 t= 0.4 board1x=16003 board2x= 64012 display1x=16024 PASS attack:4>7:0,damage-number
  isolated attack 4>7: 775px / 3100px (1x / 2x)
seed=11 t= 0.5 board1x= 8303 board2x= 33212 display1x= 8324 PASS attack:4>7:1,attack:9>4:0,damage-number
  isolated attack 9>4: 773px / 3092px (1x / 2x)
seed=11 t= 0.6 board1x= 7431 board2x= 29724 display1x= 7445 PASS attack:4>7:2,attack:9>4:1,damage-number
seed=11 t= 0.7 board1x= 9949 board2x= 39796 display1x= 9967 PASS attack:7>4:0,attack:9>4:2,damage-number
  isolated attack 7>4: 770px / 3080px (1x / 2x)
seed=11 t= 0.8 board1x= 9569 board2x= 38276 display1x= 9585 PASS attack:7>4:1,attack:6>1:0,attack:1>5:0,damage-number
  isolated attack 6>1: 807px / 3228px (1x / 2x)
  isolated attack 1>5: 782px / 3128px (1x / 2x)
seed=11 t= 0.9 board1x= 7487 board2x= 29948 display1x= 7493 PASS attack:7>4:2,attack:6>1:1,attack:1>5:1,damage-number
seed=11 t= 1.0 board1x= 6967 board2x= 27868 display1x= 6996 PASS attack:6>1:2,attack:1>5:2,damage-number
seed=11 t= 1.1 board1x= 9429 board2x= 37716 display1x= 9448 PASS attack:5>1:0,damage-number
  isolated attack 5>1: 865px / 3460px (1x / 2x)
seed=11 t= 1.2 board1x= 7618 board2x= 30472 display1x= 7632 PASS attack:5>1:1,damage-number
seed=11 t= 1.3 board1x= 7890 board2x= 31560 display1x= 7899 PASS attack:5>1:2,attack:7>4:0,attack:0>7:0,damage-number
  isolated attack 7>4: 770px / 3080px (1x / 2x)
  isolated attack 0>7: 907px / 3628px (1x / 2x)
seed=11 t= 1.4 board1x= 7566 board2x= 30264 display1x= 7587 PASS attack:7>4:1,attack:0>7:1,attack:4>7:0,damage-number
  isolated attack 4>7: 811px / 3244px (1x / 2x)
seed=11 t= 1.5 board1x= 9431 board2x= 37724 display1x= 9452 PASS attack:7>4:2,attack:6>1:0,attack:0>7:2,attack:4>7:1,attack:8>0:0,attack:3>5:0,damage-number
  isolated attack 6>1: 807px / 3228px (1x / 2x)
  isolated attack 8>0: 907px / 3628px (1x / 2x)
  isolated attack 3>5: 853px / 3412px (1x / 2x)
seed=11 t= 1.6 board1x= 8785 board2x= 35140 display1x= 8799 PASS attack:6>1:1,attack:4>7:2,attack:8>0:1,attack:9>4:0,attack:3>5:1,damage-number
  isolated attack 9>4: 763px / 3052px (1x / 2x)
seed=11 t= 1.7 board1x= 8793 board2x= 35172 display1x= 8811 PASS attack:6>1:2,attack:1>5:0,attack:8>0:2,attack:9>4:1,attack:3>5:2,damage-number
  isolated attack 1>5: 782px / 3128px (1x / 2x)
seed=11 t= 1.8 board1x=54908 board2x=219632 display1x=54924 PASS attack:1>5:1,attack:9>4:2,death:7:0,damage-number
seed=11 t= 1.9 board1x=54884 board2x=219536 display1x=54890 PASS attack:1>5:2,attack:7>4:0,death:7:1,damage-number
  isolated attack 7>4: 770px / 3080px (1x / 2x)
seed=11 t= 2.0 board1x= 6248 board2x= 24992 display1x= 6272 PASS attack:7>4:1,attack:5>1:0,death:7:2,damage-number
  isolated attack 5>1: 918px / 3672px (1x / 2x)
seed=11 t= 2.1 board1x= 6468 board2x= 25872 display1x= 6487 PASS attack:7>4:2,attack:5>1:1,death:7:3,damage-number
seed=11 t= 2.2 board1x= 6875 board2x= 27500 display1x= 6889 PASS attack:5>1:2,attack:6>1:0,damage-number
  isolated attack 6>1: 810px / 3240px (1x / 2x)
seed=11 t= 2.3 board1x= 8606 board2x= 34424 display1x= 8615 PASS attack:6>1:1,attack:8>0:0,damage-number
  isolated attack 8>0: 907px / 3628px (1x / 2x)
seed=11 t= 2.4 board1x= 8284 board2x= 33136 display1x= 8305 PASS attack:6>1:2,attack:8>0:1,attack:4>5:0,damage-number
  isolated attack 4>5: 772px / 3088px (1x / 2x)
seed=11 t= 2.5 board1x=55192 board2x=220768 display1x=55213 PASS attack:8>0:2,attack:4>5:1,death:1:0,damage-number
seed=11 t= 2.6 board1x=55206 board2x=220824 display1x=55220 PASS attack:1>5:0,attack:4>5:2,attack:3>5:0,death:1:1,damage-number
  isolated attack 1>5: 827px / 3308px (1x / 2x)
  isolated attack 3>5: 851px / 3404px (1x / 2x)
seed=11 t= 2.7 board1x= 6543 board2x= 26172 display1x= 6561 PASS attack:1>5:1,attack:9>4:0,attack:3>5:1,death:1:2,damage-number
  isolated attack 9>4: 758px / 3032px (1x / 2x)
seed=11 t= 2.8 board1x= 6280 board2x= 25120 display1x= 6296 PASS attack:1>5:2,attack:9>4:1,attack:3>5:2,death:1:3,damage-number
seed=11 t= 2.9 board1x= 6514 board2x= 26056 display1x= 6520 PASS attack:9>4:2,attack:0>8:0,damage-number
  isolated attack 0>8: 745px / 2980px (1x / 2x)
seed=11 t= 3.0 board1x= 5936 board2x= 23744 display1x= 5955 PASS attack:2>5:0,attack:0>8:1,damage-number
  isolated attack 2>5: 835px / 3340px (1x / 2x)
seed=11 t= 3.1 board1x= 7591 board2x= 30364 display1x= 7610 PASS attack:2>5:1,attack:0>8:2,attack:8>0:0,damage-number
  isolated attack 8>0: 912px / 3648px (1x / 2x)
seed=11 t= 3.2 board1x= 5568 board2x= 22272 display1x= 5582 PASS attack:2>5:2,attack:8>0:1,death:5:0,damage-number
seed=11 t= 3.3 board1x= 5707 board2x= 22828 display1x= 5716 PASS attack:8>0:2,death:5:1,damage-number
seed=11 t= 3.4 board1x= 5198 board2x= 20792 display1x= 5219 PASS attack:6>3:0,death:5:2,damage-number
  isolated attack 6>3: 828px / 3312px (1x / 2x)
seed=11 t= 3.5 board1x= 5349 board2x= 21396 display1x= 5370 PASS attack:6>3:1,death:5:3,damage-number
seed=11 t= 3.6 board1x= 5205 board2x= 20820 display1x= 5219 PASS attack:6>3:2,full:6,damage-number
seed=11 t= 3.7 board1x= 6099 board2x= 24396 display1x= 6117 PASS attack:0>8:0,attack:3>6:0,full:6,damage-number
  isolated attack 0>8: 748px / 2992px (1x / 2x)
  isolated attack 3>6: 856px / 3424px (1x / 2x)
seed=11 t= 3.8 board1x= 5867 board2x= 23468 display1x= 5883 PASS attack:0>8:1,attack:9>4:0,attack:3>6:1,full:6,damage-number
  isolated attack 9>4: 775px / 3100px (1x / 2x)
seed=11 t= 3.9 board1x= 8028 board2x= 32112 display1x= 8034 PASS attack:0>8:2,attack:9>4:1,attack:3>6:2,attack:8>0:0,full:6,damage-number
  isolated attack 8>0: 912px / 3648px (1x / 2x)
seed=11 t= 4.0 board1x= 6556 board2x= 26224 display1x= 6587 PASS attack:9>4:2,attack:8>0:1,full:6,damage-number
seed=11 t= 4.1 board1x= 5377 board2x= 21508 display1x= 5396 PASS attack:6>3:0,attack:8>0:2,full:6,damage-number
  isolated attack 6>3: 749px / 2996px (1x / 2x)
seed=11 t= 4.2 board1x= 5290 board2x= 21160 display1x= 5304 PASS attack:6>3:1,full:6,damage-number
seed=11 t= 4.3 board1x= 6112 board2x= 24448 display1x= 6121 PASS attack:6>3:2,full:6,damage-number
seed=11 t= 4.4 board1x= 4805 board2x= 19220 display1x= 4826 PASS charge:6,damage-number
seed=11 t= 4.5 board1x= 5203 board2x= 20812 display1x= 5916 PASS [cutin-covered] attack:4>9:0,attack:0>8:0,full:0,charge:6,damage-number
  isolated attack 4>9: 773px / 3092px (1x / 2x)
  isolated attack 0>8: 748px / 2992px (1x / 2x)
seed=11 t= 4.6 board1x= 5269 board2x= 21076 display1x= 5283 PASS [cutin-covered] attack:4>9:1,attack:0>8:1,full:0,full:4,charge:6,damage-number
seed=11 t= 4.7 board1x=57149 board2x=228596 display1x=57167 PASS [cutin-covered] attack:4>9:2,attack:0>8:2,attack:8>0:0,land:6>3:0,full:0,full:4,charge:6,shake:+2,damage-number
  isolated attack 8>0: 910px / 3640px (1x / 2x)
seed=11 t= 4.8 board1x=57451 board2x=229804 display1x=57483 PASS attack:8>0:1,attack:3>6:0,land:6>3:1,full:0,full:4,shake:-2,damage-number
  isolated attack 3>6: 856px / 3424px (1x / 2x)
  isolated land 6>3: 57600px / 230400px (1x / 2x)
seed=11 t= 4.9 board1x=15587 board2x= 62348 display1x=15593 PASS attack:8>0:2,attack:9>4:0,attack:3>6:1,land:6>3:2,full:0,full:4,damage-number
  isolated attack 9>4: 771px / 3084px (1x / 2x)
seed=11 t= 5.0 board1x= 6816 board2x= 27264 display1x= 6847 PASS attack:9>4:1,attack:3>6:2,land:6>3:3,full:0,full:4,full:8,damage-number
seed=11 t= 5.1 board1x= 7833 board2x= 31332 display1x= 7868 PASS attack:9>4:2,land:6>3:4,full:0,full:3,full:4,full:8,damage-number
seed=11 t= 5.2 board1x= 7462 board2x= 29848 display1x= 7476 PASS land:6>3:5,full:0,full:3,full:4,full:8,full:9,damage-number
seed=11 t= 5.3 board1x= 6895 board2x= 27580 display1x= 6920 PASS attack:0>8:0,death:0:0,full:3,full:4,full:8,full:9,damage-number
  isolated attack 0>8: 748px / 2992px (1x / 2x)
seed=11 t= 5.4 board1x= 4978 board2x= 19912 display1x= 4999 PASS attack:0>8:1,death:0:1,full:3,full:4,full:8,full:9,damage-number
seed=11 t= 5.5 board1x= 6358 board2x= 25432 display1x= 6379 PASS attack:0>8:2,attack:6>3:0,attack:4>9:0,death:0:2,full:3,full:4,full:8,full:9,damage-number
  isolated attack 6>3: 765px / 3060px (1x / 2x)
  isolated attack 4>9: 773px / 3092px (1x / 2x)
seed=11 t= 5.6 board1x= 5558 board2x= 22232 display1x= 5588 PASS attack:6>3:1,attack:4>9:1,death:0:3,full:3,full:4,full:8,full:9,damage-number
seed=11 t= 5.7 board1x= 5682 board2x= 22728 display1x= 5700 PASS attack:6>3:2,attack:4>9:2,full:3,full:4,full:8,full:9,damage-number
seed=11 t= 5.8 board1x= 6291 board2x= 25164 display1x= 6323 PASS attack:2>6:0,death:3:0,full:4,full:8,full:9,damage-number
  isolated attack 2>6: 868px / 3472px (1x / 2x)
seed=11 t= 5.9 board1x= 4700 board2x= 18800 display1x= 4706 PASS attack:2>6:1,attack:3>6:0,death:3:1,full:4,full:8,full:9,damage-number
  isolated attack 3>6: 856px / 3424px (1x / 2x)
seed=11 t= 6.0 board1x= 5753 board2x= 23012 display1x= 5777 PASS attack:2>6:2,attack:9>4:0,attack:3>6:1,death:3:2,full:4,full:8,full:9,damage-number
  isolated attack 9>4: 771px / 3084px (1x / 2x)
seed=11 t= 6.1 board1x= 6366 board2x= 25464 display1x= 6401 PASS attack:9>4:1,attack:3>6:2,death:3:3,full:4,full:8,full:9,damage-number
seed=11 t= 6.2 board1x= 6087 board2x= 24348 display1x= 6793 PASS attack:9>4:2,charge:4,full:8,full:9,damage-number
seed=11 t= 6.3 board1x= 4400 board2x= 17600 display1x= 4409 PASS [cutin-covered] charge:4,full:8,full:9,damage-number
seed=11 t= 6.4 board1x= 2436 board2x=  9744 display1x= 2457 PASS [cutin-covered] charge:4,full:8,full:9,damage-number
seed=11 t= 6.5 board1x= 2222 board2x=  8888 display1x= 3046 PASS [cutin-covered] charge:4,full:8,full:9,damage-number
seed=11 t= 6.6 board1x=57299 board2x=229196 display1x=57329 PASS [cutin-covered] land:4>9:0,charge:4,full:8,full:9,shake:+2,damage-number
seed=11 t= 6.7 board1x=57579 board2x=230316 display1x=66139 PASS land:4>9:1,full:8,full:9,shake:-2,damage-number
  isolated land 4>9: 57600px / 230400px (1x / 2x)
seed=11 t= 6.8 board1x=13058 board2x= 52232 display1x=13797 PASS land:4>9:2,death:4:0,full:8,charge:9,damage-number
seed=11 t= 6.9 board1x= 5171 board2x= 20684 display1x=62640 PASS [cutin-covered] attack:6>2:0,land:4>9:3,death:4:1,full:8,charge:9,damage-number
  isolated attack 6>2: 849px / 3396px (1x / 2x)
seed=11 t= 7.0 board1x= 7930 board2x= 31720 display1x= 7958 PASS [cutin-covered] attack:6>2:1,attack:2>6:0,land:4>9:4,death:4:2,full:8,charge:9,damage-number
  isolated attack 2>6: 863px / 3452px (1x / 2x)
seed=11 t= 7.1 board1x= 7739 board2x= 30956 display1x= 8719 PASS [cutin-covered] attack:6>2:2,attack:2>6:1,attack:9>2:0,land:4>9:5,death:4:3,full:8,charge:9,damage-number
  isolated attack 9>2: 793px / 3172px (1x / 2x)
seed=11 t= 7.2 board1x=57150 board2x=228600 display1x=57164 PASS [cutin-covered] attack:2>6:2,attack:9>2:1,land:9>4:0,full:8,charge:9,shake:+2,damage-number
seed=11 t= 7.3 board1x=57580 board2x=230320 display1x=66183 PASS attack:9>2:2,land:9>4:1,full:8,shake:-2,damage-number
  isolated land 9>4: 57600px / 230400px (1x / 2x)
seed=11 t= 7.4 board1x=14517 board2x= 58068 display1x=13888 PASS land:9>4:2,full:8,damage-number
seed=11 t= 7.5 board1x= 4992 board2x= 19968 display1x=63026 PASS land:9>4:3,full:8,damage-number
seed=11 t= 7.6 board1x= 4749 board2x= 18996 display1x= 4779 PASS attack:6>2:0,land:9>4:4,full:8,damage-number
  isolated attack 6>2: 846px / 3384px (1x / 2x)
seed=11 t= 7.7 board1x= 5178 board2x= 20712 display1x= 5196 PASS attack:6>2:1,land:9>4:5,full:8,damage-number
seed=11 t= 7.8 board1x= 6529 board2x= 26116 display1x= 6561 PASS attack:6>2:2,death:6:0,full:8,damage-number
seed=11 t= 7.9 board1x= 6246 board2x= 24984 display1x= 6252 PASS death:6:1,full:8,damage-number
seed=11 t= 8.0 board1x= 2641 board2x= 10564 display1x= 2667 PASS death:6:2,full:8,damage-number
seed=11 t= 8.1 board1x= 2365 board2x=  9460 display1x= 2400 PASS death:6:3,full:8,damage-number
seed=11 t= 8.2 board1x= 4059 board2x= 16236 display1x= 4073 PASS attack:9>2:0,full:8,damage-number
  isolated attack 9>2: 788px / 3152px (1x / 2x)
seed=11 t= 8.3 board1x= 4111 board2x= 16444 display1x= 4136 PASS attack:9>2:1,full:8,damage-number
seed=11 t= 8.4 board1x= 2359 board2x=  9436 display1x= 2380 PASS attack:9>2:2,full:8,damage-number
seed=11 t= 8.5 board1x= 2014 board2x=  8056 display1x= 3246 PASS charge:8,damage-number
seed=11 t= 8.6 board1x= 3307 board2x= 13228 display1x= 3337 PASS [cutin-covered] charge:8,damage-number
seed=11 t= 8.7 board1x=57351 board2x=229404 display1x=63065 PASS land:8>2:0,shake:+2,damage-number
  isolated land 8>2: 57600px / 230400px (1x / 2x)
seed=11 t= 8.8 board1x=57589 board2x=230356 display1x=20272 PASS land:8>2:1,shake:-2,damage-number
seed=11 t= 8.9 board1x=10249 board2x= 40996 display1x=63414 PASS land:8>2:2,damage-number
seed=11 t= 9.0 board1x= 3404 board2x= 13616 display1x= 3420 PASS land:8>2:3,death:2:0,damage-number
seed=11 t= 9.1 board1x= 2886 board2x= 11544 display1x= 2921 PASS land:8>2:4,death:2:1,damage-number
seed=11 t= 9.2 board1x= 2404 board2x=  9616 display1x= 2418 PASS land:8>2:5,death:2:2,damage-number
seed=11 t= 9.3 board1x= 2202 board2x=  8808 display1x= 2227 PASS death:2:3,damage-number
seed=11 t= 9.4 board1x= 1197 board2x=  4788 display1x= 2011 PASS damage-number
seed=11 t= 9.5 board1x=  873 board2x=  3492 display1x=  894 PASS damage-number
seed=11 t= 9.6 board1x=  990 board2x=  3960 display1x= 1020 PASS damage-number
seed=11 t= 9.7 board1x=  837 board2x=  3348 display1x=  855 PASS damage-number
seed=11 t= 9.8 board1x=  654 board2x=  2616 display1x=  686 PASS damage-number
seed=11 t= 9.9 board1x=  459 board2x=  1836 display1x=  465 PASS damage-number
seed=11 t=10.0 board1x=  831 board2x=  3324 display1x=  870 PASS damage-number
seed=11 t=10.1 board1x=  538 board2x=  2152 display1x=  573 PASS damage-number
seed=11 t=10.2 board1x=  444 board2x=  1776 display1x=  458 PASS damage-number
seed=11 t=10.3 board1x=  624 board2x=  2496 display1x=  649 PASS damage-number
SUMMARY seed=11: {"opening": {"frames": 4, "min_1x": 6064, "max_1x": 54198, "isolated_min_1x": 54198}, "attack": {"frames": 68, "min_1x": 2359, "max_1x": 57580, "isolated_min_1x": 668}, "land": {"frames": 24, "min_1x": 2404, "max_1x": 57589, "isolated_min_1x": 57600}, "board_crowding": {"max_overlap_px": 0, "limit_px": 4, "checked_pairs": 570}, "meter_occlusion": {"checked_units": 676, "obscured_frames": 0, "max_consecutive_frames": 0, "limit_frames": 2}, "palette_purity": {"species_checked": 84, "sprites_checked": 588, "squash_phases": 7, "visible_pixels": 279865, "off_palette_pixels": 0, "partial_alpha_pixels": 0, "unquantized_box_off_palette_pixels": 233}, "scale_compare": {"species": 6, "source_px": 56, "samples": [{"size_px": 28, "zoom": 1, "diff_pixels": 0}, {"size_px": 28, "zoom": 4, "diff_pixels": 0}, {"size_px": 34, "zoom": 1, "diff_pixels": 0}, {"size_px": 34, "zoom": 4, "diff_pixels": 0}, {"size_px": 56, "zoom": 1, "diff_pixels": 0}, {"size_px": 56, "zoom": 4, "diff_pixels": 0}]}, "weather": {"samples": [{"weather": "rain", "frames": 62, "min_1x": 30248, "visual_only_min_1x": 29827, "threshold_1x": 1200, "off_palette_pixels": 0, "particles_per_frame": 8, "max_overlap_px": 0, "meter_checks": 517, "max_meter_occlusion_frames": 0}, {"weather": "sun", "frames": 63, "min_1x": 30546, "visual_only_min_1x": 28764, "threshold_1x": 1200, "off_palette_pixels": 0, "particles_per_frame": 8, "max_overlap_px": 0, "meter_checks": 553, "max_meter_occlusion_frames": 0}, {"weather": "sand", "frames": 69, "min_1x": 29355, "visual_only_min_1x": 29324, "threshold_1x": 1200, "off_palette_pixels": 0, "particles_per_frame": 8, "max_overlap_px": 0, "meter_checks": 593, "max_meter_occlusion_frames": 0}, {"weather": "hail", "frames": 71, "min_1x": 29802, "visual_only_min_1x": 29802, "threshold_1x": 1200, "off_palette_pixels": 0, "particles_per_frame": 8, "max_overlap_px": 0, "meter_checks": 576, "max_meter_occlusion_frames": 0}]}, "status": {"apply_events": 6, "checked_unit_frames": 16, "samples": [{"t": 0.1, "unit": 4, "kinds": ["flinch"], "icon_pixels": 7, "bounds": [97, 171, 103, 177]}, {"t": 1.2, "unit": 6, "kinds": ["flinch"], "icon_pixels": 7, "bounds": [97, 131, 103, 137]}, {"t": 2.2, "unit": 9, "kinds": ["flinch"], "icon_pixels": 7, "bounds": [97, 171, 103, 177]}, {"t": 2.7, "unit": 2, "kinds": ["flinch"], "icon_pixels": 7, "bounds": [97, 211, 103, 217]}, {"t": 3.5, "unit": 2, "kinds": ["flinch"], "icon_pixels": 7, "bounds": [97, 211, 103, 217]}, {"t": 4.0, "unit": 9, "kinds": ["flinch"], "icon_pixels": 7, "bounds": [97, 171, 103, 177]}], "max_overlap_px": 0, "max_meter_occlusion_frames": 0}, "status_contracts": {"kinds": ["burn", "poison", "paralysis", "freeze", "sleep", "flinch"], "frozen_frames": 4, "dot_numbers": 2, "palette_variants": 14}}
PASS seed=11: 0 failures, 20.452s
