{
  "generated_at": "2026-10-05T02:37:46.126924+00:00",
  "source_hashes": {
    "tools/acceptance/device_controls.py": "2fd112608a6f91c04eb15dcd09c52fc2551cebcf8a23eb36d35c3f4ee6ec9907",
    "tools/acceptance/device_renderer.js": "097e9b4b1747d3844b55ffe33f32beb239f4faa0a100349926e82c97a4e4b4e7",
    "tests/test_evolution_device.py": "46ba128e221e45cc6214bd957876b636242a616ab371f860f29b2e8be5ba76c8",
    "tools/acceptance/demo.py": "f32f9f7f29e5148e487c126609af7bd895c3d608187d79b0e39b6b3c2cd8a93f",
    "tools/acceptance/session_save.py": "2d3d994a6990f64a0b6ef54badf09ac60b3517c43428bbe6a010bb7bd2ac6214",
    "tools/acceptance/evolution_device_probe.py": "d0256835951ec0f72945793c5ec64b230a66fbb32150ce8aef121a09c49b38f3"
  },
  "initial_source_hashes": {
    "tools/acceptance/device_controls.py": "2fd112608a6f91c04eb15dcd09c52fc2551cebcf8a23eb36d35c3f4ee6ec9907",
    "tools/acceptance/device_renderer.js": "097e9b4b1747d3844b55ffe33f32beb239f4faa0a100349926e82c97a4e4b4e7",
    "tests/test_evolution_device.py": "46ba128e221e45cc6214bd957876b636242a616ab371f860f29b2e8be5ba76c8",
    "tools/acceptance/demo.py": "f32f9f7f29e5148e487c126609af7bd895c3d608187d79b0e39b6b3c2cd8a93f",
    "tools/acceptance/session_save.py": "2d3d994a6990f64a0b6ef54badf09ac60b3517c43428bbe6a010bb7bd2ac6214",
    "tools/acceptance/evolution_device_probe.py": "d0256835951ec0f72945793c5ec64b230a66fbb32150ce8aef121a09c49b38f3"
  },
  "source_stable_during_probe": true,
  "trace_files": [
    "/Users/bytedance/luobata/PokeTactics/.build/evolution-device-frozen/auto-inheritance-cancel-commit.json",
    "/Users/bytedance/luobata/PokeTactics/.build/evolution-device-frozen/defer-persist-manual-terminal.json",
    "/Users/bytedance/luobata/PokeTactics/.build/evolution-device-frozen/unlock-relock-suppressed-buy.json"
  ],
  "assertions": [
    "tactics_v5 buy preview is side-effect free before confirmation",
    "automatic evolution inherits UID, item, and technique and is duplicate-release safe",
    "defer keeps three copies, locks all instances, persists, and restores after process restart",
    "manual evolution performs exactly one canonical step and unlocks the result",
    "unlock confirmation defaults to cancel, persists mixed lock state, and can relock",
    "fewer than three unlocked copies bypass evolution preview and do not auto-combine",
    "terminal species exposes status detail with no lock control across every detail page"
  ]
}
