{
  "label": "after",
  "seed": 7,
  "species": [
    6,
    65,
    143,
    76
  ],
  "scene": "melee",
  "times": [
    0.5,
    0.8,
    1.1,
    1.4,
    1.7,
    2.0,
    2.3,
    2.6,
    2.9,
    3.2,
    3.5,
    3.8,
    4.1,
    4.4,
    4.7,
    5.0,
    5.3,
    5.6,
    5.9,
    6.2,
    6.5,
    6.8,
    7.1,
    7.4,
    7.7
  ],
  "frames": 100,
  "mean_ms": 4.0878092,
  "capture_times": {
    "basic-hit": 2.1000000000000005,
    "projectile-mid": 1.9000000000000004,
    "skill-hit": 6.899999999999993
  },
  "sha256": {
    "basic-hit": "a4d5478c9d647603d66ae0236617fdfbb2bf4389502435668648ae8ce38bf717",
    "projectile-mid": "24eee826d3e17ed90ad154901870c53cad8b5147bf31577916260b3e2714fa4c",
    "skill-hit": "83c06fc6d8a5e7d13652a09f1e2278673f0ec87c8bcf4cdcab1b92ce30c017ce"
  }
}
