{
  "label": "before",
  "seed": 7,
  "species": [
    6,
    65,
    143,
    76
  ],
  "scene": "melee",
  "times": [
    0.5,
    0.8,
    1.1,
    1.4,
    1.7,
    2.0,
    2.3,
    2.6,
    2.9,
    3.2,
    3.5,
    3.8,
    4.1,
    4.4,
    4.7,
    5.0,
    5.3,
    5.6,
    5.9,
    6.2,
    6.5,
    6.8,
    7.1,
    7.4,
    7.7
  ],
  "frames": 100,
  "mean_ms": 4.024144580000001,
  "capture_times": {
    "basic-hit": 2.1000000000000005,
    "projectile-mid": 1.9000000000000004,
    "skill-hit": 6.899999999999993
  },
  "sha256": {
    "basic-hit": "771f5f41ed426c81cc984ddc779cb5b2404665878ba11c3522a78ab4924a36ae",
    "projectile-mid": "49857c135f4184d8594708d761bd5126f792918da8edf2f9b01a72821a859625",
    "skill-hit": "499568c72c88bb16a89ac9fca7d1d5510e1ce450bb944c0cd260f7381428919e"
  }
}
