PASS 6/dummy/attack: 12 frames 765daef2d00a
PASS 6/dummy/cast: 16 frames 6114cbecdb76
PASS 6/dummy/move: 16 frames 4f1e2487b8c6
PASS 6/dummy/hit: 24 frames 5abf3ffdda96
PASS 6/melee/attack: 12 frames 1a8c03c749cb
PASS 6/melee/cast: 16 frames 8da220cc417f
PASS 6/melee/move: 16 frames 944f02f827d2
PASS 6/melee/hit: 12 frames 129d86f8c06d
PASS 6/ranged/attack: 12 frames 500b1bee4caa
PASS 6/ranged/cast: 16 frames 32bb37c0d016
PASS 6/ranged/move: 16 frames 7c76301d9adf
PASS 6/ranged/hit: 12 frames 891cfb07806f
PASS 65/dummy/attack: 12 frames 70584d2631a8
PASS 65/dummy/cast: 16 frames fe650d7777a4
PASS 65/dummy/move: 16 frames 0953993caa2b
PASS 65/dummy/hit: 24 frames 3c43d7b44071
PASS 65/melee/attack: 12 frames 0e2a6d1d3ce5
PASS 65/melee/cast: 16 frames 6c0afa7d0ff1
PASS 65/melee/move: 16 frames eca1df020168
PASS 65/melee/hit: 12 frames 4e0514f69996
PASS 65/ranged/attack: 12 frames 3a521425e6e9
PASS 65/ranged/cast: 18 frames 2f05f356750b
PASS 65/ranged/move: 16 frames d2cab4706378
PASS 65/ranged/hit: 12 frames aba8ed5bba1c
PASS 143/dummy/attack: 12 frames a35560ee0d01
PASS 143/dummy/cast: 16 frames 0ba564c41075
PASS 143/dummy/move: 14 frames c60560fdd4e4
PASS 143/dummy/hit: 16 frames 76b59f138881
PASS 143/melee/attack: 12 frames 0d0c2d2517bd
PASS 143/melee/cast: 16 frames 62bc6d13d326
PASS 143/melee/move: 14 frames 36cbb15f0090
PASS 143/melee/hit: 12 frames d896addc77e4
PASS 143/ranged/attack: 12 frames a1ad1394709d
PASS 143/ranged/cast: 16 frames 4cc7f8da914c
PASS 143/ranged/move: 14 frames e25f0821e34e
PASS 143/ranged/hit: 12 frames 011b515505c4
PASS 76/dummy/attack: 12 frames 8f489ef2decf
PASS 76/dummy/cast: 16 frames b658f2009d9b
PASS 76/dummy/move: 15 frames aefebecc0694
PASS 76/dummy/hit: 20 frames 7cf3099aeb05
PASS 76/melee/attack: 12 frames 41353c604792
PASS 76/melee/cast: 16 frames efad1ced0ff4
PASS 76/melee/move: 15 frames 0e8d92ffadb4
PASS 76/melee/hit: 12 frames c45f4e498161
PASS 76/ranged/attack: 12 frames 699784434289
PASS 76/ranged/cast: 16 frames 15718ba1da3b
PASS 76/ranged/move: 15 frames 03ad09564d74
PASS 76/ranged/hit: 12 frames 2c0f6ed60ad2
PASS 48 clips, 701 PNG frames; reports/evidence/range-refined-2026-10-04
