{
  "readings": {
    "arc_positions": [
      [
        20,
        100
      ],
      [
        46,
        92
      ],
      [
        70,
        87
      ],
      [
        93,
        85
      ],
      [
        114,
        84
      ],
      [
        134,
        85
      ],
      [
        152,
        88
      ],
      [
        169,
        91
      ],
      [
        183,
        94
      ],
      [
        194,
        98
      ],
      [
        200,
        100
      ]
    ],
    "short_shot_visible_segments": 3,
    "trail": {
      "segments": 4,
      "history_interval_ms": 25,
      "positions": [
        [
          110,
          100
        ],
        [
          102,
          100
        ],
        [
          95,
          100
        ],
        [
          88,
          100
        ],
        [
          80,
          100
        ]
      ],
      "length_fast_px": 30.0,
      "length_half_speed_px": 15.0
    },
    "projectile_sha256": {
      "FIRE": [
        "9c613e11dc3552b65e54e44599cc6d2bf0fb188223ccb3e1c6ea86c0886e3553",
        "166703250052c0d676069969514c19f1e132b0389c2f011f7115f2391b168dd5",
        "5fddc7f1b952e6ee11a0784015a0b74c993e9b369a5d39cd210c8ebb0455b070"
      ],
      "PSYCHIC": [
        "ec20d3febd609a328fbc0352e5a316a5792d504d44c21da2cb7f7fb05d76f412",
        "d01045b837ebe9ad476b61f5d757fc6abac4c887f13cfd46e6d663ec8b20f5de",
        "c9aaabede1318d1e7534fea909b03d91ab4ddc903b91d38a01a0765a37524a60"
      ],
      "WATER": [
        "22c73995f3154528443aaff3f9198d9ca343e7fd87a109cb58039f3e816c2d2c",
        "c041f48a32970063a55ac56fc33b315017855b6d7bf23808c468d8359504b7ae",
        "86c01aa957275519d2c5ccaa2047848baa9886bcdbeda85d538ee8f4a8b93211"
      ]
    },
    "impact_rim": {
      "widths_px": [
        1,
        2
      ],
      "rays": 6,
      "radius_px": [
        29.0,
        27.0
      ]
    },
    "hit_pose": {
      "opaque_sizes": [
        [
          7,
          9
        ],
        [
          9,
          7
        ]
      ],
      "source_opaque_size": [
        8,
        8
      ],
      "edge_coverage": 0.5
    },
    "damage_number_rise_px": [
      0,
      2,
      3,
      3,
      3,
      3,
      2,
      2
    ],
    "digit_bounds_normal_heavy": [
      [
        100,
        99,
        118,
        108
      ],
      [
        99,
        98,
        119,
        109
      ]
    ],
    "production_previews": [
      {
        "species": 6,
        "offset": -0.2,
        "marker_pixels": 0
      },
      {
        "species": 6,
        "offset": -0.1,
        "marker_pixels": 4
      },
      {
        "species": 6,
        "offset": 0,
        "marker_pixels": 0
      },
      {
        "species": 6,
        "offset": 0.1,
        "marker_pixels": 0
      },
      {
        "species": 65,
        "offset": -0.2,
        "marker_pixels": 0
      },
      {
        "species": 65,
        "offset": -0.1,
        "marker_pixels": 4
      },
      {
        "species": 65,
        "offset": 0,
        "marker_pixels": 0
      },
      {
        "species": 65,
        "offset": 0.1,
        "marker_pixels": 0
      },
      {
        "species": 143,
        "offset": -0.2,
        "marker_pixels": 0
      },
      {
        "species": 143,
        "offset": -0.1,
        "marker_pixels": 4
      },
      {
        "species": 143,
        "offset": 0,
        "marker_pixels": 0
      },
      {
        "species": 143,
        "offset": 0.1,
        "marker_pixels": 0
      },
      {
        "species": 76,
        "offset": -0.2,
        "marker_pixels": 0
      },
      {
        "species": 76,
        "offset": -0.1,
        "marker_pixels": 4
      },
      {
        "species": 76,
        "offset": 0,
        "marker_pixels": 0
      },
      {
        "species": 76,
        "offset": 0.1,
        "marker_pixels": 0
      }
    ],
    "production_hit_directions": [
      {
        "species": 6,
        "offset": -0.2,
        "direction": null
      },
      {
        "species": 6,
        "offset": -0.1,
        "direction": null
      },
      {
        "species": 6,
        "offset": 0,
        "direction": [
          4,
          2
        ]
      },
      {
        "species": 6,
        "offset": 0.1,
        "direction": null
      },
      {
        "species": 65,
        "offset": -0.2,
        "direction": null
      },
      {
        "species": 65,
        "offset": -0.1,
        "direction": null
      },
      {
        "species": 65,
        "offset": 0,
        "direction": [
          12,
          1
        ]
      },
      {
        "species": 65,
        "offset": 0.1,
        "direction": null
      },
      {
        "species": 143,
        "offset": -0.2,
        "direction": null
      },
      {
        "species": 143,
        "offset": -0.1,
        "direction": null
      },
      {
        "species": 143,
        "offset": 0,
        "direction": [
          40,
          0
        ]
      },
      {
        "species": 143,
        "offset": 0.1,
        "direction": null
      },
      {
        "species": 76,
        "offset": -0.2,
        "direction": null
      },
      {
        "species": 76,
        "offset": -0.1,
        "direction": null
      },
      {
        "species": 76,
        "offset": 0,
        "direction": [
          40,
          0
        ]
      },
      {
        "species": 76,
        "offset": 0.1,
        "direction": null
      }
    ],
    "saturated_particles": 192
  },
  "failures": [],
  "passed": true
}
